<!doctype html public "-//w3c//dtd html 4.0 transitional//en">
<html><head>
<title>Static Call Graph - [.\YS-F4Pro\XGM1.0]</title></head>
<body><HR>
<H1>Static Call Graph for image .\YS-F4Pro\XGM1.0</H1><HR>
<BR><P>#&#060CALLGRAPH&#062# ARM Linker, 5060750: Last Updated: Mon Feb 01 13:37:05 2021
<BR><P>
<H3>Maximum Stack Usage =        352 bytes + Unknown(Functions without stacksize, Cycles, Untraceable Function Pointers)</H3><H3>
Call chain for Maximum Stack Depth:</H3>
GUI_Task &rArr; GUI_Init &rArr; GUI__Config &rArr; LCD_X_Config &rArr; GUI_DEVICE_CreateAndLink &rArr; GUI_DEVICE_Create &rArr; GUI_ALLOC_GetFixedBlock &rArr; _InitOnce &rArr; _EnlargeBlocks &rArr;  _Alloc (Cycle)
<P>
<H3>
Functions with no stack information
</H3><UL>
 <LI><a href="#[78]">BUTTON_Callback</a>
 <LI><a href="#[c9]">BUTTON_CreateIndirect</a>
 <LI><a href="#[152]">BUTTON_CreateUser</a>
 <LI><a href="#[4]">BUTTON_DrawSkinFlex</a>
 <LI><a href="#[167]">BUTTON_SetFont</a>
 <LI><a href="#[3be]">BUTTON_SetSkinFlexProps</a>
 <LI><a href="#[153]">BUTTON_SetText</a>
 <LI><a href="#[16a]">EDIT_AddKey</a>
 <LI><a href="#[79]">EDIT_Callback</a>
 <LI><a href="#[17b]">EDIT_CreateEx</a>
 <LI><a href="#[cc]">EDIT_CreateIndirect</a>
 <LI><a href="#[17c]">EDIT_CreateUser</a>
 <LI><a href="#[2d5]">EDIT_GetDefaultFont</a>
 <LI><a href="#[180]">EDIT_GetValue</a>
 <LI><a href="#[181]">EDIT_SetBkColor</a>
 <LI><a href="#[182]">EDIT_SetCursorAtChar</a>
 <LI><a href="#[17a]">EDIT_SetCursorAtPixel</a>
 <LI><a href="#[186]">EDIT_SetDecMode</a>
 <LI><a href="#[18a]">EDIT_SetFont</a>
 <LI><a href="#[188]">EDIT_SetMaxLen</a>
 <LI><a href="#[18b]">EDIT_SetText</a>
 <LI><a href="#[17d]">EDIT_SetTextAlign</a>
 <LI><a href="#[18c]">EDIT_SetTextColor</a>
 <LI><a href="#[18d]">EDIT_SetValue</a>
 <LI><a href="#[189]">EDIT__GetCurrentChar</a>
 <LI><a href="#[16e]">EDIT__SetCursorPos</a>
 <LI><a href="#[7c]">FRAMEWIN_Callback</a>
 <LI><a href="#[c8]">FRAMEWIN_CreateIndirect</a>
 <LI><a href="#[19c]">FRAMEWIN_CreateUser</a>
 <LI><a href="#[6]">FRAMEWIN_DrawSkinFlex</a>
 <LI><a href="#[19f]">FRAMEWIN_GetActive</a>
 <LI><a href="#[3bc]">FRAMEWIN_GetSkinFlexProps</a>
 <LI><a href="#[198]">FRAMEWIN_SetActive</a>
 <LI><a href="#[1a3]">FRAMEWIN_SetFont</a>
 <LI><a href="#[3bd]">FRAMEWIN_SetSkinFlexProps</a>
 <LI><a href="#[19e]">FRAMEWIN_SetText</a>
 <LI><a href="#[1a7]">FRAMEWIN_SetTextAlign</a>
 <LI><a href="#[1a8]">FRAMEWIN_SetTitleHeight</a>
 <LI><a href="#[1a9]">FRAMEWIN_SetTitleVis</a>
 <LI><a href="#[18f]">FRAMEWIN__CalcPositions</a>
 <LI><a href="#[1a4]">FRAMEWIN__CalcTitleHeight</a>
 <LI><a href="#[5]">FRAMEWIN__GetBorderSize</a>
 <LI><a href="#[1af]">FRAMEWIN__GetTitleLimits</a>
 <LI><a href="#[1a6]">FRAMEWIN__UpdateButtons</a>
 <LI><a href="#[1a5]">FRAMEWIN__UpdatePositions</a>
 <LI><a href="#[1bb]">GL_DrawBitmap</a>
 <LI><a href="#[1be]">GL_DrawLine1Ex</a>
 <LI><a href="#[1c2]">GL_DrawLineEx</a>
 <LI><a href="#[1c6]">GL_DrawLineTo</a>
 <LI><a href="#[1c7]">GL_DrawLineToEx</a>
 <LI><a href="#[1bf]">GL_DrawPoint</a>
 <LI><a href="#[1c9]">GL_DrawPolygon</a>
 <LI><a href="#[1c8]">GL_FillCircle</a>
 <LI><a href="#[1c5]">GL_FillPolygon</a>
 <LI><a href="#[1ca]">GL_MoveTo</a>
 <LI><a href="#[1cc]">GL_SetDefault</a>
 <LI><a href="#[1d1]">GUIDRV_FlexColor_Config</a>
 <LI><a href="#[1d3]">GUIDRV_FlexColor_SetFunc</a>
 <LI><a href="#[c1]">GUIDRV_FlexColor_SetFunc66709</a>
 <LI><a href="#[c0]">GUIDRV_FlexColor_SetMode16bppC0B16</a>
 <LI><a href="#[86]">GUIDRV_FlexColor__GetPixelIndexNoCache</a>
 <LI><a href="#[1d2]">GUIDRV_FlexColor__InitOnce</a>
 <LI><a href="#[8a]">GUIDRV_FlexColor__SetLog2Phys</a>
 <LI><a href="#[87]">GUIDRV_FlexColor__SetPixelIndexNoCache</a>
 <LI><a href="#[104]">GUIMONO_DispChar</a>
 <LI><a href="#[105]">GUIMONO_GetCharDistX</a>
 <LI><a href="#[106]">GUIMONO_GetFontInfo</a>
 <LI><a href="#[107]">GUIMONO_IsInFont</a>
 <LI><a href="#[100]">GUIPROP_DispChar</a>
 <LI><a href="#[101]">GUIPROP_GetCharDistX</a>
 <LI><a href="#[102]">GUIPROP_GetFontInfo</a>
 <LI><a href="#[103]">GUIPROP_IsInFont</a>
 <LI><a href="#[1d7]">GUIPROP__FindChar</a>
 <LI><a href="#[1da]">GUITASK_CopyContext</a>
 <LI><a href="#[1dc]">GUITASK_Init</a>
 <LI><a href="#[1df]">GUI_ALLOC_AllocNoInit</a>
 <LI><a href="#[1e1]">GUI_ALLOC_AllocZero</a>
 <LI><a href="#[36c]">GUI_ALLOC_AssignMemory</a>
 <LI><a href="#[1e2]">GUI_ALLOC_Free</a>
 <LI><a href="#[1fb]">GUI_ALLOC_FreeFixedBlock</a>
 <LI><a href="#[14c]">GUI_ALLOC_FreePtr</a>
 <LI><a href="#[14d]">GUI_ALLOC_FreePtrArray</a>
 <LI><a href="#[1d4]">GUI_ALLOC_GetFixedBlock</a>
 <LI><a href="#[1e8]">GUI_ALLOC_GetMaxSize</a>
 <LI><a href="#[1eb]">GUI_ALLOC_GetSize</a>
 <LI><a href="#[200]">GUI_ALLOC_Lock</a>
 <LI><a href="#[14a]">GUI_ALLOC_LockH</a>
 <LI><a href="#[1ea]">GUI_ALLOC_Realloc</a>
 <LI><a href="#[1ec]">GUI_ALLOC_RequestSize</a>
 <LI><a href="#[202]">GUI_ALLOC_Unlock</a>
 <LI><a href="#[14b]">GUI_ALLOC_UnlockH</a>
 <LI><a href="#[1e9]">GUI_ALLOC_h2p</a>
 <LI><a href="#[341]">GUI_ALLOC_p2h</a>
 <LI><a href="#[34c]">GUI_AddDecShift</a>
 <LI><a href="#[34b]">GUI_AddSign</a>
 <LI><a href="#[339]">GUI_CalcColorDist</a>
 <LI><a href="#[1b9]">GUI_Clear</a>
 <LI><a href="#[1ee]">GUI_ClearRect</a>
 <LI><a href="#[1f1]">GUI_ClearRectEx</a>
 <LI><a href="#[1f2]">GUI_CreateDialogBox</a>
 <LI><a href="#[1f7]">GUI_DEVICE_Create</a>
 <LI><a href="#[1f8]">GUI_DEVICE_CreateAndLink</a>
 <LI><a href="#[1fa]">GUI_DEVICE_Delete</a>
 <LI><a href="#[1f9]">GUI_DEVICE_Link</a>
 <LI><a href="#[1fc]">GUI_DEVICE_LinkDevices</a>
 <LI><a href="#[2c3]">GUI_DEVICE_Unlink</a>
 <LI><a href="#[235]">GUI_DEVICE_UnlinkTaskDevices</a>
 <LI><a href="#[23d]">GUI_DEVICE__GetpDriver</a>
 <LI><a href="#[161]">GUI_DRAW__Draw</a>
 <LI><a href="#[1fd]">GUI_Delay</a>
 <LI><a href="#[203]">GUI_DispString</a>
 <LI><a href="#[209]">GUI_DispStringAt</a>
 <LI><a href="#[20a]">GUI_DispStringHCenterAt</a>
 <LI><a href="#[166]">GUI_DispStringInRect</a>
 <LI><a href="#[20b]">GUI_DispStringInRectMax</a>
 <LI><a href="#[20f]">GUI_DispStringInRectWrap</a>
 <LI><a href="#[213]">GUI_DrawBitmap</a>
 <LI><a href="#[214]">GUI_DrawGradientRoundedV</a>
 <LI><a href="#[15f]">GUI_DrawGradientV</a>
 <LI><a href="#[15b]">GUI_DrawHLine</a>
 <LI><a href="#[1a1]">GUI_DrawPixel</a>
 <LI><a href="#[217]">GUI_DrawPolygon</a>
 <LI><a href="#[15e]">GUI_DrawRect</a>
 <LI><a href="#[15c]">GUI_DrawVLine</a>
 <LI><a href="#[218]">GUI_EndDialog</a>
 <LI><a href="#[1ff]">GUI_Exec</a>
 <LI><a href="#[21b]">GUI_Exec1</a>
 <LI><a href="#[21d]">GUI_FillCircle</a>
 <LI><a href="#[15d]">GUI_FillRect</a>
 <LI><a href="#[1a2]">GUI_FillRectEx</a>
 <LI><a href="#[259]">GUI_GetBitsPerPixelEx</a>
 <LI><a href="#[1d9]">GUI_GetBkColor</a>
 <LI><a href="#[220]">GUI_GetCharDistX</a>
 <LI><a href="#[221]">GUI_GetCharDistXEx</a>
 <LI><a href="#[163]">GUI_GetClientRect</a>
 <LI><a href="#[1d8]">GUI_GetColor</a>
 <LI><a href="#[219]">GUI_GetDialogStatusPtr</a>
 <LI><a href="#[204]">GUI_GetFontDistY</a>
 <LI><a href="#[225]">GUI_GetOrg</a>
 <LI><a href="#[184]">GUI_GetStringDistX</a>
 <LI><a href="#[226]">GUI_GetTime</a>
 <LI><a href="#[29e]">GUI_GetVersionString</a>
 <LI><a href="#[205]">GUI_GetYAdjust</a>
 <LI><a href="#[2d6]">GUI_GetYDistOfFont</a>
 <LI><a href="#[1b0]">GUI_GetYSizeOfFont</a>
 <LI><a href="#[25b]">GUI_GetpfColor2IndexEx</a>
 <LI><a href="#[25a]">GUI_GetpfIndex2ColorEx</a>
 <LI><a href="#[1ed]">GUI_GotoXY</a>
 <LI><a href="#[227]">GUI_Init</a>
 <LI><a href="#[154]">GUI_Lock</a>
 <LI><a href="#[236]">GUI_MEMDEV_Clear</a>
 <LI><a href="#[237]">GUI_MEMDEV_CopyToLCD</a>
 <LI><a href="#[238]">GUI_MEMDEV_CopyToLCDAt</a>
 <LI><a href="#[23c]">GUI_MEMDEV_CreateEx</a>
 <LI><a href="#[23f]">GUI_MEMDEV_Delete</a>
 <LI><a href="#[242]">GUI_MEMDEV_Draw</a>
 <LI><a href="#[24b]">GUI_MEMDEV_GetBitsPerPixel</a>
 <LI><a href="#[24d]">GUI_MEMDEV_GetDataPtr</a>
 <LI><a href="#[247]">GUI_MEMDEV_GetYSize</a>
 <LI><a href="#[a7]">GUI_MEMDEV_Paint1Static</a>
 <LI><a href="#[249]">GUI_MEMDEV_ReduceYSize</a>
 <LI><a href="#[23b]">GUI_MEMDEV_Select</a>
 <LI><a href="#[24a]">GUI_MEMDEV_SetOrg</a>
 <LI><a href="#[24f]">GUI_MEMDEV_Write</a>
 <LI><a href="#[253]">GUI_MEMDEV_WriteAt</a>
 <LI><a href="#[23e]">GUI_MEMDEV__CreateFixed</a>
 <LI><a href="#[a4]">GUI_MEMDEV__WriteToActiveAlpha</a>
 <LI><a href="#[254]">GUI_MEMDEV__WriteToActiveAt</a>
 <LI><a href="#[a3]">GUI_MEMDEV__WriteToActiveOpaque</a>
 <LI><a href="#[318]">GUI_MergeRect</a>
 <LI><a href="#[164]">GUI_MoveRect</a>
 <LI><a href="#[25f]">GUI_PollKeyMsg</a>
 <LI><a href="#[261]">GUI_QR_Create</a>
 <LI><a href="#[27a]">GUI_QR_Delete</a>
 <LI><a href="#[27b]">GUI_QR_Draw</a>
 <LI><a href="#[27c]">GUI_ReadRectEx</a>
 <LI><a href="#[2f0]">GUI_RectsIntersect</a>
 <LI><a href="#[27e]">GUI_RestoreContext</a>
 <LI><a href="#[27f]">GUI_SaveContext_W</a>
 <LI><a href="#[240]">GUI_SelectLCD</a>
 <LI><a href="#[239]">GUI_SelectLayer</a>
 <LI><a href="#[281]">GUI_SendKeyMsg</a>
 <LI><a href="#[1cd]">GUI_SetBkColor</a>
 <LI><a href="#[15a]">GUI_SetColor</a>
 <LI><a href="#[36d]">GUI_SetDefaultFont</a>
 <LI><a href="#[1bc]">GUI_SetDrawMode</a>
 <LI><a href="#[162]">GUI_SetFont</a>
 <LI><a href="#[1d0]">GUI_SetLineStyle</a>
 <LI><a href="#[231]">GUI_SetOrg</a>
 <LI><a href="#[1ce]">GUI_SetPenSize</a>
 <LI><a href="#[1cf]">GUI_SetTextAlign</a>
 <LI><a href="#[165]">GUI_SetTextMode</a>
 <LI><a href="#[285]">GUI_SignalEvent</a>
 <LI><a href="#[284]">GUI_StoreKey</a>
 <LI><a href="#[282]">GUI_StoreKeyMsg</a>
 <LI><a href="#[286]">GUI_TIMER_Create</a>
 <LI><a href="#[288]">GUI_TIMER_Delete</a>
 <LI><a href="#[8d]">GUI_TIMER_Exec</a>
 <LI><a href="#[28a]">GUI_TIMER_GetFlag</a>
 <LI><a href="#[28b]">GUI_TIMER_Restart</a>
 <LI><a href="#[28c]">GUI_TIMER_SetPeriod</a>
 <LI><a href="#[28d]">GUI_TIMER__GetFirstTimer</a>
 <LI><a href="#[28e]">GUI_TIMER__GetNextTimerLin</a>
 <LI><a href="#[175]">GUI_UC_Encode</a>
 <LI><a href="#[16c]">GUI_UC_GetCharCode</a>
 <LI><a href="#[28f]">GUI_UC_GetCharSize</a>
 <LI><a href="#[290]">GUI_UC_SetEncodeUTF8</a>
 <LI><a href="#[171]">GUI_UC__CalcSizeOfChar</a>
 <LI><a href="#[2a7]">GUI_UC__GetCharCodeInc</a>
 <LI><a href="#[342]">GUI_UC__NumBytes2NumChars</a>
 <LI><a href="#[16b]">GUI_UC__NumChars2NumBytes</a>
 <LI><a href="#[33b]">GUI_USAGE_AddRect</a>
 <LI><a href="#[255]">GUI_USAGE_BM_Create</a>
 <LI><a href="#[241]">GUI_USAGE_DecUseCnt</a>
 <LI><a href="#[157]">GUI_Unlock</a>
 <LI><a href="#[210]">GUI_WrapGetNumLines</a>
 <LI><a href="#[292]">GUI_XBF_CreateFont</a>
 <LI><a href="#[e1]">GUI_XBF__GetCharDistX</a>
 <LI><a href="#[e2]">GUI_XBF__GetFontInfo</a>
 <LI><a href="#[295]">GUI_XBF__GetOff</a>
 <LI><a href="#[296]">GUI_XBF__GetOffAndSize</a>
 <LI><a href="#[e3]">GUI_XBF__IsInFont</a>
 <LI><a href="#[297]">GUI__AllocAlphaBuffer</a>
 <LI><a href="#[299]">GUI__AlphaPreserveTrans</a>
 <LI><a href="#[29b]">GUI__CalcTextRect</a>
 <LI><a href="#[33a]">GUI__CompactPixelIndices</a>
 <LI><a href="#[29c]">GUI__CompactPixelIndicesEx</a>
 <LI><a href="#[228]">GUI__Config</a>
 <LI><a href="#[29d]">GUI__ConvertColor2Index</a>
 <LI><a href="#[208]">GUI__DispLine</a>
 <LI><a href="#[20e]">GUI__DispStringInRect</a>
 <LI><a href="#[2a3]">GUI__DoAlphaBlending</a>
 <LI><a href="#[1a0]">GUI__DrawTwinArc2</a>
 <LI><a href="#[159]">GUI__DrawTwinArc4</a>
 <LI><a href="#[2a4]">GUI__ExpandPixelIndicesEx</a>
 <LI><a href="#[298]">GUI__GetAlphaBuffer</a>
 <LI><a href="#[345]">GUI__GetCursorCharacter</a>
 <LI><a href="#[185]">GUI__GetCursorPosChar</a>
 <LI><a href="#[346]">GUI__GetCursorPosX</a>
 <LI><a href="#[207]">GUI__GetLineDistX</a>
 <LI><a href="#[206]">GUI__GetLineNumChars</a>
 <LI><a href="#[170]">GUI__GetNumChars</a>
 <LI><a href="#[2a8]">GUI__GetOverlap</a>
 <LI><a href="#[2a2]">GUI__HandleEOLine</a>
 <LI><a href="#[30f]">GUI__IntersectRect</a>
 <LI><a href="#[20d]">GUI__IntersectRects</a>
 <LI><a href="#[2a9]">GUI__InvertRectColors</a>
 <LI><a href="#[2ad]">GUI__ManageCache</a>
 <LI><a href="#[2ae]">GUI__ManageCacheEx</a>
 <LI><a href="#[17]">GUI__MixColors</a>
 <LI><a href="#[18]">GUI__MixColorsBulk</a>
 <LI><a href="#[294]">GUI__Read16</a>
 <LI><a href="#[293]">GUI__Read32</a>
 <LI><a href="#[2f2]">GUI__ReduceRect</a>
 <LI><a href="#[1dd]">GUI__RegisterExit</a>
 <LI><a href="#[169]">GUI__SetText</a>
 <LI><a href="#[212]">GUI__WrapGetNumBytesToNextLine</a>
 <LI><a href="#[211]">GUI__WrapGetNumCharsDisp</a>
 <LI><a href="#[2b2]">GUI__WrapGetNumCharsToNextLine</a>
 <LI><a href="#[340]">GUI__memset16</a>
 <LI><a href="#[33e]">GUI__sqrt32</a>
 <LI><a href="#[2b4]">GUI__strcmp</a>
 <LI><a href="#[2af]">GUI__strcmp_hp</a>
 <LI><a href="#[2b0]">GUI__strlen</a>
 <LI><a href="#[1c3]">GUI_cos</a>
 <LI><a href="#[1c4]">GUI_sin</a>
 <LI><a href="#[19]">LCD_AA_MixColors16</a>
 <LI><a href="#[29a]">LCD_AA_SetOrMask</a>
 <LI><a href="#[2ab]">LCD_Color2Index</a>
 <LI><a href="#[1bd]">LCD_DrawBitmap</a>
 <LI><a href="#[8c]">LCD_DrawHLine</a>
 <LI><a href="#[d3]">LCD_DrawPixel</a>
 <LI><a href="#[1c0]">LCD_DrawVLine</a>
 <LI><a href="#[1d6]">LCD_FillRect</a>
 <LI><a href="#[2b5]">LCD_GetBitsPerPixelEx</a>
 <LI><a href="#[21e]">LCD_GetBkColorIndex</a>
 <LI><a href="#[223]">LCD_GetColorIndex</a>
 <LI><a href="#[2b7]">LCD_GetNumColors</a>
 <LI><a href="#[2b8]">LCD_GetNumColorsEx</a>
 <LI><a href="#[2b9]">LCD_GetNumLayers</a>
 <LI><a href="#[2ba]">LCD_GetPalette</a>
 <LI><a href="#[2bb]">LCD_GetPaletteEx</a>
 <LI><a href="#[2aa]">LCD_GetPixelIndex</a>
 <LI><a href="#[245]">LCD_GetVXSizeEx</a>
 <LI><a href="#[2a6]">LCD_GetVXSizeMax</a>
 <LI><a href="#[246]">LCD_GetVYSizeEx</a>
 <LI><a href="#[2bd]">LCD_GetXSize</a>
 <LI><a href="#[22c]">LCD_GetXSizeDisplay</a>
 <LI><a href="#[243]">LCD_GetXSizeEx</a>
 <LI><a href="#[22e]">LCD_GetXSizeMax</a>
 <LI><a href="#[2be]">LCD_GetYSize</a>
 <LI><a href="#[22d]">LCD_GetYSizeDisplay</a>
 <LI><a href="#[244]">LCD_GetYSizeEx</a>
 <LI><a href="#[22f]">LCD_GetYSizeMax</a>
 <LI><a href="#[0]">LCD_GetpPalConvTableBM</a>
 <LI><a href="#[2bf]">LCD_GetpPalConvTableUncached</a>
 <LI><a href="#[21f]">LCD_Index2Color</a>
 <LI><a href="#[cf]">LCD_Index2Color_565</a>
 <LI><a href="#[91]">LCD_Index2Color_M888</a>
 <LI><a href="#[90]">LCD_Index2Color_M8888I</a>
 <LI><a href="#[2c0]">LCD_InitColors</a>
 <LI><a href="#[2c1]">LCD_InitLUT</a>
 <LI><a href="#[280]">LCD_SelectLCD</a>
 <LI><a href="#[1b8]">LCD_SetBkColor</a>
 <LI><a href="#[2c8]">LCD_SetBkColorIndex</a>
 <LI><a href="#[2c4]">LCD_SetClipRectEx</a>
 <LI><a href="#[252]">LCD_SetClipRectMax</a>
 <LI><a href="#[283]">LCD_SetColor</a>
 <LI><a href="#[2c7]">LCD_SetColorIndex</a>
 <LI><a href="#[230]">LCD_SetDisplaySize</a>
 <LI><a href="#[1d5]">LCD_SetDrawMode</a>
 <LI><a href="#[2c2]">LCD_SetLUTEntryEx</a>
 <LI><a href="#[2ac]">LCD_SetPixelIndex</a>
 <LI><a href="#[2c5]">LCD_SetSizeEx</a>
 <LI><a href="#[2c6]">LCD_SetVSizeEx</a>
 <LI><a href="#[251]">LCD_UpdateColorIndices</a>
 <LI><a href="#[25e]">LCD__DrawBitmap_1bpp</a>
 <LI><a href="#[2c9]">LCD__GetBPP</a>
 <LI><a href="#[24c]">LCD__GetBPPDevice</a>
 <LI><a href="#[94]">SPINBOX_Callback</a>
 <LI><a href="#[cb]">SPINBOX_CreateIndirect</a>
 <LI><a href="#[2d3]">SPINBOX_CreateUser</a>
 <LI><a href="#[7]">SPINBOX_DrawSkinFlex</a>
 <LI><a href="#[2d8]">SPINBOX_SetEditMode</a>
 <LI><a href="#[2de]">SPINBOX_SetFont</a>
 <LI><a href="#[2d9]">SPINBOX__ApplyProps</a>
 <LI><a href="#[2da]">SPINBOX__DrawBk</a>
 <LI><a href="#[2e1]">SPINBOX__GetButtonRect</a>
 <LI><a href="#[2e2]">SPINBOX__GetButtonRectEx</a>
 <LI><a href="#[95]">TEXT_Callback</a>
 <LI><a href="#[ca]">TEXT_CreateIndirect</a>
 <LI><a href="#[2e4]">TEXT_CreateUser</a>
 <LI><a href="#[2e5]">TEXT_SetFont</a>
 <LI><a href="#[2e6]">TEXT_SetText</a>
 <LI><a href="#[2e7]">TEXT_SetTextAlign</a>
 <LI><a href="#[2e8]">TEXT_SetTextColor</a>
 <LI><a href="#[150]">WIDGET_AndState</a>
 <LI><a href="#[138]">WIDGET_EFFECT_3D_DrawUp</a>
 <LI><a href="#[149]">WIDGET_HandleActive</a>
 <LI><a href="#[196]">WIDGET_OrState</a>
 <LI><a href="#[2d7]">WIDGET_SetEffect</a>
 <LI><a href="#[2dd]">WIDGET_SetFocusable</a>
 <LI><a href="#[2ea]">WIDGET_SetState</a>
 <LI><a href="#[347]">WIDGET__EFFECT_DrawDown</a>
 <LI><a href="#[2ec]">WIDGET__EFFECT_DrawDownRect</a>
 <LI><a href="#[2ef]">WIDGET__FillStringInRect</a>
 <LI><a href="#[2eb]">WIDGET__GetInsideRect</a>
 <LI><a href="#[156]">WIDGET__Init</a>
 <LI><a href="#[2ed]">WIDGET__RotateRect90</a>
 <LI><a href="#[96]">WINDOW_Callback</a>
 <LI><a href="#[cd]">WINDOW_CreateIndirect</a>
 <LI><a href="#[2f3]">WINDOW_CreateUser</a>
 <LI><a href="#[23a]">WM_Activate</a>
 <LI><a href="#[2f4]">WM_BringToBottom</a>
 <LI><a href="#[191]">WM_BringToTop</a>
 <LI><a href="#[2d0]">WM_CreateTimer</a>
 <LI><a href="#[155]">WM_CreateWindowAsChild</a>
 <LI><a href="#[250]">WM_Deactivate</a>
 <LI><a href="#[151]">WM_DefaultProc</a>
 <LI><a href="#[2cb]">WM_DeleteTimer</a>
 <LI><a href="#[17f]">WM_DeleteWindow</a>
 <LI><a href="#[19d]">WM_DisableMemdev</a>
 <LI><a href="#[301]">WM_EnableMemdev</a>
 <LI><a href="#[21c]">WM_Exec</a>
 <LI><a href="#[2f9]">WM_ForEachDesc</a>
 <LI><a href="#[30a]">WM_GetActiveWindow</a>
 <LI><a href="#[222]">WM_GetClientRect</a>
 <LI><a href="#[305]">WM_GetClientRectEx</a>
 <LI><a href="#[1f4]">WM_GetClientWindow</a>
 <LI><a href="#[1f3]">WM_GetDesktopWindow</a>
 <LI><a href="#[306]">WM_GetDialogItem</a>
 <LI><a href="#[1b1]">WM_GetFirstChild</a>
 <LI><a href="#[1f6]">WM_GetFocusedWindow</a>
 <LI><a href="#[2e3]">WM_GetHasTrans</a>
 <LI><a href="#[307]">WM_GetId</a>
 <LI><a href="#[1b2]">WM_GetNextSibling</a>
 <LI><a href="#[1b7]">WM_GetParent</a>
 <LI><a href="#[309]">WM_GetWindowOrgX</a>
 <LI><a href="#[2df]">WM_GetWindowRectEx</a>
 <LI><a href="#[183]">WM_GetWindowSizeX</a>
 <LI><a href="#[1ae]">WM_GetWindowSizeY</a>
 <LI><a href="#[31c]">WM_HasCaptured</a>
 <LI><a href="#[195]">WM_HasFocus</a>
 <LI><a href="#[1ab]">WM_HideWindow</a>
 <LI><a href="#[232]">WM_Init</a>
 <LI><a href="#[30c]">WM_InvalidateRect</a>
 <LI><a href="#[168]">WM_InvalidateWindow</a>
 <LI><a href="#[312]">WM_InvalidateWindowAndDescs</a>
 <LI><a href="#[313]">WM_InvalidateWindowAndDescsEx</a>
 <LI><a href="#[2ca]">WM_IsFocusable</a>
 <LI><a href="#[194]">WM_IsWindow</a>
 <LI><a href="#[1b5]">WM_MoveChildTo</a>
 <LI><a href="#[316]">WM_MoveTo</a>
 <LI><a href="#[1b4]">WM_MoveWindow</a>
 <LI><a href="#[176]">WM_NotifyParent</a>
 <LI><a href="#[260]">WM_OnKey</a>
 <LI><a href="#[1b3]">WM_ResizeWindow</a>
 <LI><a href="#[179]">WM_RestartTimer</a>
 <LI><a href="#[177]">WM_SelectWindow</a>
 <LI><a href="#[224]">WM_SendMessage</a>
 <LI><a href="#[1f5]">WM_SendMessageNoPara</a>
 <LI><a href="#[2fc]">WM_SendToParent</a>
 <LI><a href="#[31a]">WM_SetCallback</a>
 <LI><a href="#[2ce]">WM_SetCapture</a>
 <LI><a href="#[192]">WM_SetCaptureMove</a>
 <LI><a href="#[3a9]">WM_SetCreateFlags</a>
 <LI><a href="#[31d]">WM_SetDefault</a>
 <LI><a href="#[2cc]">WM_SetEnableState</a>
 <LI><a href="#[190]">WM_SetFocus</a>
 <LI><a href="#[197]">WM_SetFocusOnNextChild</a>
 <LI><a href="#[1ba]">WM_SetFocusOnPrevChild</a>
 <LI><a href="#[158]">WM_SetHasTrans</a>
 <LI><a href="#[1b6]">WM_SetSize</a>
 <LI><a href="#[20c]">WM_SetUserClipRect</a>
 <LI><a href="#[2e0]">WM_SetWindowPos</a>
 <LI><a href="#[1aa]">WM_ShowWindow</a>
 <LI><a href="#[321]">WM_ValidateWindow</a>
 <LI><a href="#[322]">WM__ActivateClipRect</a>
 <LI><a href="#[30b]">WM__AddCriticalHandle</a>
 <LI><a href="#[30e]">WM__Client2Screen</a>
 <LI><a href="#[310]">WM__ClipAtParentBorders</a>
 <LI><a href="#[2ff]">WM__DeleteAssocTimer</a>
 <LI><a href="#[21a]">WM__DeleteSecure</a>
 <LI><a href="#[300]">WM__DetachWindow</a>
 <LI><a href="#[304]">WM__ForEachDesc</a>
 <LI><a href="#[2fb]">WM__GetClientRectEx</a>
 <LI><a href="#[2f1]">WM__GetClientRectWin</a>
 <LI><a href="#[324]">WM__GetFirstSibling</a>
 <LI><a href="#[31e]">WM__GetFocusedChild</a>
 <LI><a href="#[326]">WM__GetLastSibling</a>
 <LI><a href="#[1f0]">WM__GetNextIVR</a>
 <LI><a href="#[2f5]">WM__GetPrevSibling</a>
 <LI><a href="#[2fe]">WM__GetTopLevelLayer</a>
 <LI><a href="#[1ac]">WM__GetWindowSizeX</a>
 <LI><a href="#[1ad]">WM__GetWindowSizeY</a>
 <LI><a href="#[1ef]">WM__InitIVRSearch</a>
 <LI><a href="#[2f8]">WM__InsertWindowIntoList</a>
 <LI><a href="#[311]">WM__Invalidate1Abs</a>
 <LI><a href="#[30d]">WM__InvalidateDrawAndDescs</a>
 <LI><a href="#[32a]">WM__InvalidateParent</a>
 <LI><a href="#[32b]">WM__InvalidateRect</a>
 <LI><a href="#[2f6]">WM__InvalidateRectEx</a>
 <LI><a href="#[19b]">WM__IsAncestor</a>
 <LI><a href="#[199]">WM__IsAncestorOrSelf</a>
 <LI><a href="#[325]">WM__IsChild</a>
 <LI><a href="#[160]">WM__IsEnabled</a>
 <LI><a href="#[2fd]">WM__IsWindow</a>
 <LI><a href="#[317]">WM__MoveTo</a>
 <LI><a href="#[315]">WM__MoveWindow</a>
 <LI><a href="#[32d]">WM__Paint</a>
 <LI><a href="#[a6]">WM__Paint1</a>
 <LI><a href="#[344]">WM__RectIsNZ</a>
 <LI><a href="#[2f7]">WM__RemoveWindowFromList</a>
 <LI><a href="#[332]">WM__Screen2Client</a>
 <LI><a href="#[319]">WM__SelectTopLevelLayer</a>
 <LI><a href="#[193]">WM__SendMessage</a>
 <LI><a href="#[248]">WM__SendMessageNoPara</a>
 <LI><a href="#[2fa]">WM__SendMsgNoData</a>
 <LI><a href="#[2e9]">WM__UpdateChildPositions</a>
 <LI><a href="#[22b]">emWin_LCD_Init</a>
 <LI><a href="#[ce]">_Color2Index_565</a>
 <LI><a href="#[d0]">_GetIndexMask_565</a>
 <LI><a href="#[d1]">_Color2IndexBulk</a>
 <LI><a href="#[d2]">_Index2ColorBulk</a>
 <LI><a href="#[1e4]">_PushFreeBlock</a>
 <LI><a href="#[1e7]">_RemoveFreeBlock</a>
 <LI><a href="#[1e3]">_AddFreeMemory</a>
 <LI><a href="#[1e6]">_RemoveHoles</a>
 <LI><a href="#[336]">_EnlargeBlocks</a>
 <LI><a href="#[1e0]">_Alloc</a>
 <LI><a href="#[1e5]">_InitOnce</a>
 <LI><a href="#[22a]">_InitContext</a>
 <LI><a href="#[8f]">_OnExit</a>
 <LI><a href="#[215]">_DrawGradientRounded</a>
 <LI><a href="#[278]">_QR_PutAlignmentMarker</a>
 <LI><a href="#[277]">_QR_PutFinderPattern</a>
 <LI><a href="#[d4]">_QR_Mask0</a>
 <LI><a href="#[d5]">_QR_Mask1</a>
 <LI><a href="#[d6]">_QR_Mask2</a>
 <LI><a href="#[d7]">_QR_Mask3</a>
 <LI><a href="#[d8]">_QR_Mask4</a>
 <LI><a href="#[d9]">_QR_Mask5</a>
 <LI><a href="#[da]">_QR_Mask6</a>
 <LI><a href="#[db]">_QR_Mask7</a>
 <LI><a href="#[34a]">_QR_CalcN1N3</a>
 <LI><a href="#[349]">_QR_CalcRunLength</a>
 <LI><a href="#[279]">_QR_MASK_EvaluateSymbol</a>
 <LI><a href="#[33f]">_ModNN</a>
 <LI><a href="#[265]">_QR_INPUT_EstimateBitsModeNum</a>
 <LI><a href="#[266]">_QR_INPUT_EstimateBitsModeAn</a>
 <LI><a href="#[263]">_IdentifyMode</a>
 <LI><a href="#[26a]">_FRAME_FILLER_Next</a>
 <LI><a href="#[262]">_Malloc</a>
 <LI><a href="#[270]">_BS_Create</a>
 <LI><a href="#[26c]">_Free</a>
 <LI><a href="#[26e]">_QR_INPUT_LIST_CreateEntry</a>
 <LI><a href="#[267]">_QR_INPUT_Append</a>
 <LI><a href="#[337]">_BS_Allocate</a>
 <LI><a href="#[272]">_BS_Append</a>
 <LI><a href="#[271]">_BS_Delete</a>
 <LI><a href="#[348]">_QR_INPUT_LIST_DeleteEntry</a>
 <LI><a href="#[26b]">_QR_RAW_Delete</a>
 <LI><a href="#[26d]">_QR_INPUT_Delete</a>
 <LI><a href="#[276]">_EncodeRSChar</a>
 <LI><a href="#[264]">_QR_GetLengthIndicator.part.3</a>
 <LI><a href="#[269]">_Eat8</a>
 <LI><a href="#[268]">_EatAn</a>
 <LI><a href="#[338]">_BS_AppendNum.part.5</a>
 <LI><a href="#[273]">_BS_AppendNum</a>
 <LI><a href="#[274]">_BS_AppendBytes.part.6</a>
 <LI><a href="#[275]">_InitRS.constprop.14</a>
 <LI><a href="#[26f]">_QR_INPUT_EncodeBitStream</a>
 <LI><a href="#[dc]">_GetCharCode</a>
 <LI><a href="#[dd]">_GetCharSize</a>
 <LI><a href="#[de]">_CalcSizeOfChar</a>
 <LI><a href="#[df]">_Encode</a>
 <LI><a href="#[e0]">_DispChar</a>
 <LI><a href="#[ed]">_Log2PhysY_X1Y0S0</a>
 <LI><a href="#[ef]">_Log2PhysY_X1Y1S0</a>
 <LI><a href="#[f1]">_Log2PhysY_X1Y0S1</a>
 <LI><a href="#[f3]">_Log2PhysY_X1Y1S1</a>
 <LI><a href="#[f9]">_SetPixelIndex</a>
 <LI><a href="#[f8]">_GetPixelIndex</a>
 <LI><a href="#[fa]">_XorPixel</a>
 <LI><a href="#[f5]">_DrawHLine</a>
 <LI><a href="#[f6]">_DrawVLine</a>
 <LI><a href="#[f7]">_FillRect</a>
 <LI><a href="#[f4]">_DrawBitmap</a>
 <LI><a href="#[a5]">_GetDevFunc_SetRect</a>
 <LI><a href="#[a1]">_GetDevFunc_SetRectOutside</a>
 <LI><a href="#[a8]">_ReadPixelCust_16bpp</a>
 <LI><a href="#[a9]">_ReadPixelCust_18bpp</a>
 <LI><a href="#[aa]">_ReadRectCust_16bpp</a>
 <LI><a href="#[ab]">_ReadRectCust_18bpp</a>
 <LI><a href="#[fc]">_GetDevFunc</a>
 <LI><a href="#[9c]">_GetDevFunc_Off</a>
 <LI><a href="#[9d]">_GetDevFunc_SetVSize</a>
 <LI><a href="#[9e]">_GetDevFunc_SetSize</a>
 <LI><a href="#[9f]">_GetDevFunc_Init</a>
 <LI><a href="#[a0]">_SetDevFunc</a>
 <LI><a href="#[a2]">_GetDevFunc_On</a>
 <LI><a href="#[fd]">_GetDevProp</a>
 <LI><a href="#[fe]">_GetDevData</a>
 <LI><a href="#[ff]">_GetRect</a>
 <LI><a href="#[fb]">_SetOrg</a>
 <LI><a href="#[f0]">_Log2PhysY_X0Y0S1</a>
 <LI><a href="#[e4]">_Log2PhysX_X0Y0S0</a>
 <LI><a href="#[e6]">_Log2PhysX_X0Y1S0</a>
 <LI><a href="#[e8]">_Log2PhysX_X0Y0S1</a>
 <LI><a href="#[ea]">_Log2PhysX_X0Y1S1</a>
 <LI><a href="#[ec]">_Log2PhysY_X0Y0S0</a>
 <LI><a href="#[ee]">_Log2PhysY_X0Y1S0</a>
 <LI><a href="#[e5]">_Log2PhysX_X1Y0S0</a>
 <LI><a href="#[e7]">_Log2PhysX_X1Y1S0</a>
 <LI><a href="#[e9]">_Log2PhysX_X1Y0S1</a>
 <LI><a href="#[eb]">_Log2PhysX_X1Y1S1</a>
 <LI><a href="#[f2]">_Log2PhysY_X0Y1S1</a>
 <LI><a href="#[88]">_ReadData</a>
 <LI><a href="#[89]">_WriteData</a>
 <LI><a href="#[85]">_FillRect</a>
 <LI><a href="#[84]">_DrawBitmap</a>
 <LI><a href="#[7e]">_SetPhysRAMAddr</a>
 <LI><a href="#[7f]">_SetRect</a>
 <LI><a href="#[80]">_SetOrientation</a>
 <LI><a href="#[81]">_ReadPixel_16bpp_B8</a>
 <LI><a href="#[1]">_ReadPixel_16bpp_B16_I</a>
 <LI><a href="#[ac]">_SetReg_B8</a>
 <LI><a href="#[ae]">_SetReg_B16</a>
 <LI><a href="#[ad]">_WritePara_B8</a>
 <LI><a href="#[af]">_WritePara_B16</a>
 <LI><a href="#[83]">_SetInterface</a>
 <LI><a href="#[82]">_ReadRect_16bpp_B8</a>
 <LI><a href="#[2]">_ReadRect_16bpp_B16_I</a>
 <LI><a href="#[9a]">_OnExit</a>
 <LI><a href="#[32f]">_Paint1</a>
 <LI><a href="#[327]">_Findy1</a>
 <LI><a href="#[328]">_Findx0</a>
 <LI><a href="#[329]">_Findx1</a>
 <LI><a href="#[331]">_Paint1Trans</a>
 <LI><a href="#[330]">_PaintTransChildren</a>
 <LI><a href="#[32e]">WM__PaintWinAndOverlays</a>
 <LI><a href="#[9b]">_cbPaintMemDev</a>
 <LI><a href="#[323]">_SetClipRectUserIntersect</a>
 <LI><a href="#[314]">_Invalidate1Abs</a>
 <LI><a href="#[302]">_Exec1Input</a>
 <LI><a href="#[303]">_Exec1Draw</a>
 <LI><a href="#[99]">_cbBackWin</a>
 <LI><a href="#[308]">_GetDialogItem</a>
 <LI><a href="#[14e]">_OnButtonPressed</a>
 <LI><a href="#[14f]">_OnButtonReleased</a>
 <LI><a href="#[3]">_OnTouchDefault</a>
 <LI><a href="#[178]">_Paint</a>
 <LI><a href="#[17e]">_IncrementBuffer</a>
 <LI><a href="#[16d]">_ChangeCharacter</a>
 <LI><a href="#[172]">_IsSpaceInBuffer</a>
 <LI><a href="#[16f]">_DeleteChar</a>
 <LI><a href="#[18e]">_SetValue.part.0</a>
 <LI><a href="#[19a]">_SetActive</a>
 <LI><a href="#[7d]">FRAMEWIN__cbClient</a>
 <LI><a href="#[2d4]">_GetDecs</a>
 <LI><a href="#[2d1]">_OnAction</a>
 <LI><a href="#[2cd]">_GetButtonIndex</a>
 <LI><a href="#[2cf]">_InvalidateButtonRect</a>
 <LI><a href="#[2d2]">_OnButtonReleased.part.0</a>
 <LI><a href="#[8]">_Log2VisBuffered</a>
 <LI><a href="#[2a1]">_DispLine</a>
 <LI><a href="#[216]">_DrawGradient</a>
 <LI><a href="#[1c1]">_SetLineColor</a>
 <LI><a href="#[1db]">_GetTaskNo</a>
 <LI><a href="#[8b]">_OnExit</a>
 <LI><a href="#[108]">_GetCharCode</a>
 <LI><a href="#[109]">_GetCharSize</a>
 <LI><a href="#[10a]">_CalcSizeOfChar</a>
 <LI><a href="#[10b]">_Encode</a>
 <LI><a href="#[2a5]">_GetTwinArcPara</a>
 <LI><a href="#[9]">_GetCursorPosX</a>
 <LI><a href="#[b]">_GetCursorCharacter</a>
 <LI><a href="#[a]">_GetCursorPosChar</a>
 <LI><a href="#[e]">_GetWordWrap</a>
 <LI><a href="#[f]">_GetCharWrap</a>
 <LI><a href="#[2b3]">_WrapGetNumCharsDisp</a>
 <LI><a href="#[10e]">_SetDrawMode</a>
 <LI><a href="#[10c]">_SetColor</a>
 <LI><a href="#[10d]">_SetBkColor</a>
 <LI><a href="#[93]">_OnExit</a>
 <LI><a href="#[2b6]">_GetDevProp</a>
 <LI><a href="#[2bc]">_GetMaxValue</a>
 <LI><a href="#[119]">_GetDevData</a>
 <LI><a href="#[117]">_GetDevFunc</a>
 <LI><a href="#[116]">_SetOrg</a>
 <LI><a href="#[11a]">_GetRect</a>
 <LI><a href="#[33c]">_XY2PTR</a>
 <LI><a href="#[113]">_GetPixelIndex</a>
 <LI><a href="#[115]">_XorPixel</a>
 <LI><a href="#[114]">_SetPixelIndex</a>
 <LI><a href="#[111]">_DrawVLine</a>
 <LI><a href="#[112]">_FillRect</a>
 <LI><a href="#[110]">_DrawHLine</a>
 <LI><a href="#[10f]">_DrawBitmap</a>
 <LI><a href="#[118]">_GetDevProp</a>
 <LI><a href="#[24e]">_CreateStaticDevice</a>
 <LI><a href="#[97]">_cbInvalidateOne</a>
 <LI><a href="#[32c]">_MoveDescendents</a>
 <LI><a href="#[31b]">WM__ReleaseCapture</a>
 <LI><a href="#[31f]">_GetNextChild</a>
 <LI><a href="#[320]">_GetPrevChild</a>
 <LI><a href="#[98]">_cbTimer</a>
 <LI><a href="#[11]">_Create</a>
 <LI><a href="#[10]">_Paint</a>
 <LI><a href="#[187]">_GetDecs</a>
 <LI><a href="#[334]">_AddPosition</a>
 <LI><a href="#[7b]">_UpdateBuffer</a>
 <LI><a href="#[335]">_IncrementCursor</a>
 <LI><a href="#[333]">_SwapSign.isra.4</a>
 <LI><a href="#[7a]">_AddKeyDec</a>
 <LI><a href="#[14]">_GetBorderSize</a>
 <LI><a href="#[13]">_Create</a>
 <LI><a href="#[12]">_Paint</a>
 <LI><a href="#[16]">_Create</a>
 <LI><a href="#[15]">_Paint</a>
 <LI><a href="#[2db]">_DrawButton</a>
 <LI><a href="#[2dc]">_DrawArrow</a>
 <LI><a href="#[2ee]">_EffectRequiresRedraw</a>
 <LI><a href="#[11c]">_DrawUpRect</a>
 <LI><a href="#[11f]">_DrawFlat</a>
 <LI><a href="#[11e]">_DrawDownRect</a>
 <LI><a href="#[11d]">_DrawDown</a>
 <LI><a href="#[11b]">_DrawUp</a>
 <LI><a href="#[120]">_Color2Index_M8888I</a>
 <LI><a href="#[121]">_GetIndexMask_M8888I</a>
 <LI><a href="#[122]">_Color2IndexBulk_M8888I</a>
 <LI><a href="#[123]">_Index2ColorBulk_M8888I</a>
 <LI><a href="#[126]">_GetIndexMask_0</a>
 <LI><a href="#[125]">_Index2Color_0</a>
 <LI><a href="#[124]">_Color2Index_0</a>
 <LI><a href="#[1cb]">_Add</a>
 <LI><a href="#[8e]">_OnExit</a>
 <LI><a href="#[287]">_Link</a>
 <LI><a href="#[289]">_Unlink</a>
 <LI><a href="#[92]">_OnExit</a>
 <LI><a href="#[131]">_GetDevData</a>
 <LI><a href="#[12f]">_GetDevFunc</a>
 <LI><a href="#[130]">_GetDevProp</a>
 <LI><a href="#[12e]">_SetOrg</a>
 <LI><a href="#[132]">_GetRect</a>
 <LI><a href="#[33d]">_XY2PTR</a>
 <LI><a href="#[12b]">_GetPixelIndex</a>
 <LI><a href="#[12d]">_XorPixel</a>
 <LI><a href="#[12c]">_SetPixelIndex</a>
 <LI><a href="#[129]">_DrawVLine</a>
 <LI><a href="#[12a]">_FillRect</a>
 <LI><a href="#[128]">_DrawHLine</a>
 <LI><a href="#[127]">_DrawBitmap</a>
 <LI><a href="#[133]">GUI_USAGE_BM_AddPixel</a>
 <LI><a href="#[137]">GUI_USAGE_BM_GetNextDirty</a>
 <LI><a href="#[136]">_GUI_USAGE_BM_Delete</a>
 <LI><a href="#[135]">GUI_USAGE_BM_Clear</a>
 <LI><a href="#[134]">GUI_USAGE_BM_AddHLine</a>
 <LI><a href="#[25c]">_Convert16</a>
 <LI><a href="#[25d]">_Convert8</a>
 <LI><a href="#[139]">_DrawUpRect</a>
 <LI><a href="#[13b]">_DrawDownRect</a>
 <LI><a href="#[13a]">_DrawDown</a>
 <LI><a href="#[13f]">_DrawDownRect</a>
 <LI><a href="#[13d]">_DrawUpRect</a>
 <LI><a href="#[13e]">_DrawDown</a>
 <LI><a href="#[13c]">_DrawUp</a>
 <LI><a href="#[27d]">LCD_ReadRectEx</a>
 <LI><a href="#[257]">_ClipX</a>
 <LI><a href="#[258]">_ClipY</a>
 <LI><a href="#[256]">_WriteToActiveAlpha</a>
</UL>
</UL>
<P>
<H3>
Mutually Recursive functions
</H3> <LI><a href="#[36]">ADC_IRQHandler</a>&nbsp;&nbsp;&nbsp;&rArr;&nbsp;&nbsp;&nbsp;<a href="#[36]">ADC_IRQHandler</a><BR>
 <LI><a href="#[32b]">WM__InvalidateRect</a>&nbsp;&nbsp;&nbsp;&rArr;&nbsp;&nbsp;&nbsp;<a href="#[32b]">WM__InvalidateRect</a><BR>
 <LI><a href="#[313]">WM_InvalidateWindowAndDescsEx</a>&nbsp;&nbsp;&nbsp;&rArr;&nbsp;&nbsp;&nbsp;<a href="#[313]">WM_InvalidateWindowAndDescsEx</a><BR>
 <LI><a href="#[30d]">WM__InvalidateDrawAndDescs</a>&nbsp;&nbsp;&nbsp;&rArr;&nbsp;&nbsp;&nbsp;<a href="#[30d]">WM__InvalidateDrawAndDescs</a><BR>
 <LI><a href="#[193]">WM__SendMessage</a>&nbsp;&nbsp;&nbsp;&rArr;&nbsp;&nbsp;&nbsp;<a href="#[151]">WM_DefaultProc</a><BR>
 <LI><a href="#[1b3]">WM_ResizeWindow</a>&nbsp;&nbsp;&nbsp;&rArr;&nbsp;&nbsp;&nbsp;<a href="#[2e9]">WM__UpdateChildPositions</a><BR>
 <LI><a href="#[32c]">_MoveDescendents</a>&nbsp;&nbsp;&nbsp;&rArr;&nbsp;&nbsp;&nbsp;<a href="#[32c]">_MoveDescendents</a><BR>
 <LI><a href="#[304]">WM__ForEachDesc</a>&nbsp;&nbsp;&nbsp;&rArr;&nbsp;&nbsp;&nbsp;<a href="#[304]">WM__ForEachDesc</a><BR>
 <LI><a href="#[336]">_EnlargeBlocks</a>&nbsp;&nbsp;&nbsp;&rArr;&nbsp;&nbsp;&nbsp;<a href="#[1e0]">_Alloc</a><BR>
 <LI><a href="#[329]">_Findx1</a>&nbsp;&nbsp;&nbsp;&rArr;&nbsp;&nbsp;&nbsp;<a href="#[329]">_Findx1</a><BR>
 <LI><a href="#[328]">_Findx0</a>&nbsp;&nbsp;&nbsp;&rArr;&nbsp;&nbsp;&nbsp;<a href="#[328]">_Findx0</a><BR>
 <LI><a href="#[327]">_Findy1</a>&nbsp;&nbsp;&nbsp;&rArr;&nbsp;&nbsp;&nbsp;<a href="#[327]">_Findy1</a><BR>
 <LI><a href="#[17f]">WM_DeleteWindow</a>&nbsp;&nbsp;&nbsp;&rArr;&nbsp;&nbsp;&nbsp;<a href="#[17f]">WM_DeleteWindow</a><BR>
 <LI><a href="#[1d7]">GUIPROP__FindChar</a>&nbsp;&nbsp;&nbsp;&rArr;&nbsp;&nbsp;&nbsp;<a href="#[1d7]">GUIPROP__FindChar</a><BR>
 <LI><a href="#[312]">WM_InvalidateWindowAndDescs</a>&nbsp;&nbsp;&nbsp;&rArr;&nbsp;&nbsp;&nbsp;<a href="#[312]">WM_InvalidateWindowAndDescs</a><BR>
 <LI><a href="#[330]">_PaintTransChildren</a>&nbsp;&nbsp;&nbsp;&rArr;&nbsp;&nbsp;&nbsp;<a href="#[330]">_PaintTransChildren</a><BR>
 <LI><a href="#[308]">_GetDialogItem</a>&nbsp;&nbsp;&nbsp;&rArr;&nbsp;&nbsp;&nbsp;<a href="#[308]">_GetDialogItem</a><BR>
 <LI><a href="#[26f]">_QR_INPUT_EncodeBitStream</a>&nbsp;&nbsp;&nbsp;&rArr;&nbsp;&nbsp;&nbsp;<a href="#[26f]">_QR_INPUT_EncodeBitStream</a><BR>
</UL>
<P>
<H3>
Function Pointers
</H3><UL>
 <LI><a href="#[36]">ADC_IRQHandler</a> from startup_stm32f407xx.o(.text) referenced from startup_stm32f407xx.o(RESET)
 <LI><a href="#[c5]">AppTaskCreate</a> from main.o(i.AppTaskCreate) referenced from main.o(i.main)
 <LI><a href="#[78]">BUTTON_Callback</a> from BUTTON.o(.text.BUTTON_Callback) referenced from BUTTON.o(.text.BUTTON_CreateUser)
 <LI><a href="#[c9]">BUTTON_CreateIndirect</a> from BUTTON.o(.text.BUTTON_CreateIndirect) referenced 7 times from framewindlg_homepage.o(.constdata)
 <LI><a href="#[4]">BUTTON_DrawSkinFlex</a> from BUTTON_SkinFlex.o(.text.BUTTON_DrawSkinFlex) referenced 2 times from BUTTON.o(.data)
 <LI><a href="#[1e]">BusFault_Handler</a> from stm32f4xx_it.o(i.BusFault_Handler) referenced from startup_stm32f407xx.o(RESET)
 <LI><a href="#[38]">CAN1_RX0_IRQHandler</a> from startup_stm32f407xx.o(.text) referenced from startup_stm32f407xx.o(RESET)
 <LI><a href="#[39]">CAN1_RX1_IRQHandler</a> from startup_stm32f407xx.o(.text) referenced from startup_stm32f407xx.o(RESET)
 <LI><a href="#[3a]">CAN1_SCE_IRQHandler</a> from startup_stm32f407xx.o(.text) referenced from startup_stm32f407xx.o(RESET)
 <LI><a href="#[37]">CAN1_TX_IRQHandler</a> from startup_stm32f407xx.o(.text) referenced from startup_stm32f407xx.o(RESET)
 <LI><a href="#[64]">CAN2_RX0_IRQHandler</a> from startup_stm32f407xx.o(.text) referenced from startup_stm32f407xx.o(RESET)
 <LI><a href="#[65]">CAN2_RX1_IRQHandler</a> from startup_stm32f407xx.o(.text) referenced from startup_stm32f407xx.o(RESET)
 <LI><a href="#[66]">CAN2_SCE_IRQHandler</a> from startup_stm32f407xx.o(.text) referenced from startup_stm32f407xx.o(RESET)
 <LI><a href="#[63]">CAN2_TX_IRQHandler</a> from startup_stm32f407xx.o(.text) referenced from startup_stm32f407xx.o(RESET)
 <LI><a href="#[72]">DCMI_IRQHandler</a> from startup_stm32f407xx.o(.text) referenced from startup_stm32f407xx.o(RESET)
 <LI><a href="#[2f]">DMA1_Stream0_IRQHandler</a> from startup_stm32f407xx.o(.text) referenced from startup_stm32f407xx.o(RESET)
 <LI><a href="#[30]">DMA1_Stream1_IRQHandler</a> from startup_stm32f407xx.o(.text) referenced from startup_stm32f407xx.o(RESET)
 <LI><a href="#[31]">DMA1_Stream2_IRQHandler</a> from startup_stm32f407xx.o(.text) referenced from startup_stm32f407xx.o(RESET)
 <LI><a href="#[32]">DMA1_Stream3_IRQHandler</a> from startup_stm32f407xx.o(.text) referenced from startup_stm32f407xx.o(RESET)
 <LI><a href="#[33]">DMA1_Stream4_IRQHandler</a> from startup_stm32f407xx.o(.text) referenced from startup_stm32f407xx.o(RESET)
 <LI><a href="#[34]">DMA1_Stream5_IRQHandler</a> from startup_stm32f407xx.o(.text) referenced from startup_stm32f407xx.o(RESET)
 <LI><a href="#[35]">DMA1_Stream6_IRQHandler</a> from startup_stm32f407xx.o(.text) referenced from startup_stm32f407xx.o(RESET)
 <LI><a href="#[53]">DMA1_Stream7_IRQHandler</a> from startup_stm32f407xx.o(.text) referenced from startup_stm32f407xx.o(RESET)
 <LI><a href="#[5c]">DMA2_Stream0_IRQHandler</a> from startup_stm32f407xx.o(.text) referenced from startup_stm32f407xx.o(RESET)
 <LI><a href="#[5d]">DMA2_Stream1_IRQHandler</a> from startup_stm32f407xx.o(.text) referenced from startup_stm32f407xx.o(RESET)
 <LI><a href="#[5e]">DMA2_Stream2_IRQHandler</a> from startup_stm32f407xx.o(.text) referenced from startup_stm32f407xx.o(RESET)
 <LI><a href="#[5f]">DMA2_Stream3_IRQHandler</a> from startup_stm32f407xx.o(.text) referenced from startup_stm32f407xx.o(RESET)
 <LI><a href="#[60]">DMA2_Stream4_IRQHandler</a> from startup_stm32f407xx.o(.text) referenced from startup_stm32f407xx.o(RESET)
 <LI><a href="#[68]">DMA2_Stream5_IRQHandler</a> from bsp_debug_usart.o(i.DMA2_Stream5_IRQHandler) referenced from startup_stm32f407xx.o(RESET)
 <LI><a href="#[69]">DMA2_Stream6_IRQHandler</a> from startup_stm32f407xx.o(.text) referenced from startup_stm32f407xx.o(RESET)
 <LI><a href="#[6a]">DMA2_Stream7_IRQHandler</a> from startup_stm32f407xx.o(.text) referenced from startup_stm32f407xx.o(RESET)
 <LI><a href="#[21]">DebugMon_Handler</a> from stm32f4xx_it.o(i.DebugMon_Handler) referenced from startup_stm32f407xx.o(RESET)
 <LI><a href="#[79]">EDIT_Callback</a> from EDIT.o(.text.EDIT_Callback) referenced from EDIT.o(.text.EDIT_CreateUser)
 <LI><a href="#[cc]">EDIT_CreateIndirect</a> from EDIT.o(.text.EDIT_CreateIndirect) referenced 2 times from framewindlg_parameterset.o(.constdata)
 <LI><a href="#[61]">ETH_IRQHandler</a> from startup_stm32f407xx.o(.text) referenced from startup_stm32f407xx.o(RESET)
 <LI><a href="#[62]">ETH_WKUP_IRQHandler</a> from startup_stm32f407xx.o(.text) referenced from startup_stm32f407xx.o(RESET)
 <LI><a href="#[2a]">EXTI0_IRQHandler</a> from startup_stm32f407xx.o(.text) referenced from startup_stm32f407xx.o(RESET)
 <LI><a href="#[4c]">EXTI15_10_IRQHandler</a> from startup_stm32f407xx.o(.text) referenced from startup_stm32f407xx.o(RESET)
 <LI><a href="#[2b]">EXTI1_IRQHandler</a> from startup_stm32f407xx.o(.text) referenced from startup_stm32f407xx.o(RESET)
 <LI><a href="#[2c]">EXTI2_IRQHandler</a> from startup_stm32f407xx.o(.text) referenced from startup_stm32f407xx.o(RESET)
 <LI><a href="#[2d]">EXTI3_IRQHandler</a> from startup_stm32f407xx.o(.text) referenced from startup_stm32f407xx.o(RESET)
 <LI><a href="#[2e]">EXTI4_IRQHandler</a> from startup_stm32f407xx.o(.text) referenced from startup_stm32f407xx.o(RESET)
 <LI><a href="#[3b]">EXTI9_5_IRQHandler</a> from startup_stm32f407xx.o(.text) referenced from startup_stm32f407xx.o(RESET)
 <LI><a href="#[28]">FLASH_IRQHandler</a> from startup_stm32f407xx.o(.text) referenced from startup_stm32f407xx.o(RESET)
 <LI><a href="#[54]">FMC_IRQHandler</a> from startup_stm32f407xx.o(.text) referenced from startup_stm32f407xx.o(RESET)
 <LI><a href="#[74]">FPU_IRQHandler</a> from startup_stm32f407xx.o(.text) referenced from startup_stm32f407xx.o(RESET)
 <LI><a href="#[7c]">FRAMEWIN_Callback</a> from FRAMEWIN.o(.text.FRAMEWIN_Callback) referenced from FRAMEWIN.o(.text.FRAMEWIN_CreateUser)
 <LI><a href="#[c8]">FRAMEWIN_CreateIndirect</a> from FRAMEWIN.o(.text.FRAMEWIN_CreateIndirect) referenced 3 times from framewindlg_homepage.o(.constdata)
 <LI><a href="#[6]">FRAMEWIN_DrawSkinFlex</a> from FRAMEWIN_SkinFlex.o(.text.FRAMEWIN_DrawSkinFlex) referenced 4 times from FRAMEWIN.o(.data)
 <LI><a href="#[5]">FRAMEWIN__GetBorderSize</a> from FRAMEWIN.o(.text.FRAMEWIN__GetBorderSize) referenced 2 times from FRAMEWIN.o(.data)
 <LI><a href="#[7d]">FRAMEWIN__cbClient</a> from FRAMEWIN.o(.text.FRAMEWIN__cbClient) referenced from FRAMEWIN.o(.text.FRAMEWIN_CreateUser)
 <LI><a href="#[c1]">GUIDRV_FlexColor_SetFunc66709</a> from GUIDRV_FlexColor_Func66709.o(.text.GUIDRV_FlexColor_SetFunc66709) referenced from lcdconf_flexcolor.o(i.LCD_X_Config)
 <LI><a href="#[c0]">GUIDRV_FlexColor_SetMode16bppC0B16</a> from GUIDRV_FlexColor_16bpp_C0B16.o(.text.GUIDRV_FlexColor_SetMode16bppC0B16) referenced from lcdconf_flexcolor.o(i.LCD_X_Config)
 <LI><a href="#[86]">GUIDRV_FlexColor__GetPixelIndexNoCache</a> from GUIDRV_FlexColor.o(.text.GUIDRV_FlexColor__GetPixelIndexNoCache) referenced from GUIDRV_FlexColor_16bpp_C0B16.o(.text.GUIDRV_FlexColor_SetMode16bppC0B16)
 <LI><a href="#[8a]">GUIDRV_FlexColor__SetLog2Phys</a> from GUIDRV_FlexColor.o(.text.GUIDRV_FlexColor__SetLog2Phys) referenced from GUIDRV_FlexColor.o(.text.GUIDRV_FlexColor__InitOnce)
 <LI><a href="#[87]">GUIDRV_FlexColor__SetPixelIndexNoCache</a> from GUIDRV_FlexColor.o(.text.GUIDRV_FlexColor__SetPixelIndexNoCache) referenced from GUIDRV_FlexColor_16bpp_C0B16.o(.text.GUIDRV_FlexColor_SetMode16bppC0B16)
 <LI><a href="#[104]">GUIMONO_DispChar</a> from GUI_CharM.o(.text.GUIMONO_DispChar) referenced 2 times from F6x8.o(.rodata)
 <LI><a href="#[105]">GUIMONO_GetCharDistX</a> from GUI_CharM.o(.text.GUIMONO_GetCharDistX) referenced 2 times from F6x8.o(.rodata)
 <LI><a href="#[106]">GUIMONO_GetFontInfo</a> from GUI_CharM.o(.text.GUIMONO_GetFontInfo) referenced 2 times from F6x8.o(.rodata)
 <LI><a href="#[107]">GUIMONO_IsInFont</a> from GUI_CharM.o(.text.GUIMONO_IsInFont) referenced 2 times from F6x8.o(.rodata)
 <LI><a href="#[100]">GUIPROP_DispChar</a> from GUI_CharP.o(.text.GUIPROP_DispChar) referenced 3 times from F16_ASCII.o(.rodata)
 <LI><a href="#[101]">GUIPROP_GetCharDistX</a> from GUI_CharP.o(.text.GUIPROP_GetCharDistX) referenced 3 times from F16_ASCII.o(.rodata)
 <LI><a href="#[102]">GUIPROP_GetFontInfo</a> from GUI_CharP.o(.text.GUIPROP_GetFontInfo) referenced 3 times from F16_ASCII.o(.rodata)
 <LI><a href="#[103]">GUIPROP_IsInFont</a> from GUI_CharP.o(.text.GUIPROP_IsInFont) referenced 3 times from F16_ASCII.o(.rodata)
 <LI><a href="#[a7]">GUI_MEMDEV_Paint1Static</a> from GUIDEV_StaticDevices.o(.text.GUI_MEMDEV_Paint1Static) referenced from WM.o(.text._Paint1)
 <LI><a href="#[a4]">GUI_MEMDEV__WriteToActiveAlpha</a> from GUIDEV_WriteToActiveAlpha.o(.text.GUI_MEMDEV__WriteToActiveAlpha) referenced from GUIDEV_32.o(.text._GetDevFunc)
 <LI><a href="#[a3]">GUI_MEMDEV__WriteToActiveOpaque</a> from GUIDEV_WriteToActiveOpaque.o(.text.GUI_MEMDEV__WriteToActiveOpaque) referenced from GUIDEV_16.o(.text._GetDevFunc)
 <LI><a href="#[8d]">GUI_TIMER_Exec</a> from GUI_Timer.o(.text.GUI_TIMER_Exec) referenced from GUI_Timer.o(.text.GUI_TIMER_Create)
 <LI><a href="#[b0]">GUI_Task</a> from main.o(i.GUI_Task) referenced from main.o(i.AppTaskCreate)
 <LI><a href="#[134]">GUI_USAGE_BM_AddHLine</a> from GUIDEV_UsageBM.o(.text.GUI_USAGE_BM_AddHLine) referenced from GUIDEV_UsageBM.o(.rodata)
 <LI><a href="#[133]">GUI_USAGE_BM_AddPixel</a> from GUIDEV_UsageBM.o(.text.GUI_USAGE_BM_AddPixel) referenced from GUIDEV_UsageBM.o(.rodata)
 <LI><a href="#[135]">GUI_USAGE_BM_Clear</a> from GUIDEV_UsageBM.o(.text.GUI_USAGE_BM_Clear) referenced from GUIDEV_UsageBM.o(.rodata)
 <LI><a href="#[137]">GUI_USAGE_BM_GetNextDirty</a> from GUIDEV_UsageBM.o(.text.GUI_USAGE_BM_GetNextDirty) referenced from GUIDEV_UsageBM.o(.rodata)
 <LI><a href="#[e1]">GUI_XBF__GetCharDistX</a> from GUI_XBF.o(.text.GUI_XBF__GetCharDistX) referenced from GUI_XBF_Prop.o(.rodata)
 <LI><a href="#[e2]">GUI_XBF__GetFontInfo</a> from GUI_XBF.o(.text.GUI_XBF__GetFontInfo) referenced from GUI_XBF_Prop.o(.rodata)
 <LI><a href="#[e3]">GUI_XBF__IsInFont</a> from GUI_XBF.o(.text.GUI_XBF__IsInFont) referenced from GUI_XBF_Prop.o(.rodata)
 <LI><a href="#[17]">GUI__MixColors</a> from GUI__Alpha.o(.text.GUI__MixColors) referenced 2 times from GUI__Alpha.o(.data)
 <LI><a href="#[18]">GUI__MixColorsBulk</a> from GUI__Alpha.o(.text.GUI__MixColorsBulk) referenced 2 times from GUI__Alpha.o(.data)
 <LI><a href="#[73]">HASH_RNG_IRQHandler</a> from startup_stm32f407xx.o(.text) referenced from startup_stm32f407xx.o(RESET)
 <LI><a href="#[1c]">HardFault_Handler</a> from stm32f4xx_it.o(i.HardFault_Handler) referenced from startup_stm32f407xx.o(RESET)
 <LI><a href="#[44]">I2C1_ER_IRQHandler</a> from startup_stm32f407xx.o(.text) referenced from startup_stm32f407xx.o(RESET)
 <LI><a href="#[43]">I2C1_EV_IRQHandler</a> from startup_stm32f407xx.o(.text) referenced from startup_stm32f407xx.o(RESET)
 <LI><a href="#[46]">I2C2_ER_IRQHandler</a> from startup_stm32f407xx.o(.text) referenced from startup_stm32f407xx.o(RESET)
 <LI><a href="#[45]">I2C2_EV_IRQHandler</a> from startup_stm32f407xx.o(.text) referenced from startup_stm32f407xx.o(RESET)
 <LI><a href="#[6d]">I2C3_ER_IRQHandler</a> from startup_stm32f407xx.o(.text) referenced from startup_stm32f407xx.o(RESET)
 <LI><a href="#[6c]">I2C3_EV_IRQHandler</a> from startup_stm32f407xx.o(.text) referenced from startup_stm32f407xx.o(RESET)
 <LI><a href="#[19]">LCD_AA_MixColors16</a> from LCD_AA.o(.text.LCD_AA_MixColors16) referenced 2 times from LCD_AA.o(.data)
 <LI><a href="#[8c]">LCD_DrawHLine</a> from LCD.o(.text.LCD_DrawHLine) referenced from GUI_Core.o(.rodata)
 <LI><a href="#[8c]">LCD_DrawHLine</a> from LCD.o(.text.LCD_DrawHLine) referenced from GUI_DrawGradientRounded.o(.text.GUI_DrawGradientRoundedV)
 <LI><a href="#[8c]">LCD_DrawHLine</a> from LCD.o(.text.LCD_DrawHLine) referenced from GUI_DrawGradient.o(.text.GUI_DrawGradientV)
 <LI><a href="#[d3]">LCD_DrawPixel</a> from LCD.o(.text.LCD_DrawPixel) referenced from GUI_Core.o(.rodata)
 <LI><a href="#[0]">LCD_GetpPalConvTableBM</a> from LCD_Color.o(.text.LCD_GetpPalConvTableBM) referenced 2 times from GUI_Core.o(.data)
 <LI><a href="#[cf]">LCD_Index2Color_565</a> from GUICC_565.o(.text.LCD_Index2Color_565) referenced from GUICC_565.o(.rodata)
 <LI><a href="#[91]">LCD_Index2Color_M888</a> from GUICC_M888_Index2Color.o(.text.LCD_Index2Color_M888) referenced from GUI__Alpha.o(.text.GUI__DoAlphaBlending)
 <LI><a href="#[90]">LCD_Index2Color_M8888I</a> from GUICC_M8888I_Index2Color.o(.text.LCD_Index2Color_M8888I) referenced from GUICC_M8888I.o(.rodata)
 <LI><a href="#[90]">LCD_Index2Color_M8888I</a> from GUICC_M8888I_Index2Color.o(.text.LCD_Index2Color_M8888I) referenced from GUI__Alpha.o(.text.GUI__DoAlphaBlending)
 <LI><a href="#[90]">LCD_Index2Color_M8888I</a> from GUICC_M8888I_Index2Color.o(.text.LCD_Index2Color_M8888I) referenced from GUIDEV_WriteToActiveAlpha.o(.text._WriteToActiveAlpha)
 <LI><a href="#[bf]">LcdReadDataMultiple</a> from lcdconf_flexcolor.o(i.LcdReadDataMultiple) referenced from lcdconf_flexcolor.o(i.LCD_X_Config)
 <LI><a href="#[bd]">LcdWriteData</a> from lcdconf_flexcolor.o(i.LcdWriteData) referenced from lcdconf_flexcolor.o(i.LCD_X_Config)
 <LI><a href="#[be]">LcdWriteDataMultiple</a> from lcdconf_flexcolor.o(i.LcdWriteDataMultiple) referenced from lcdconf_flexcolor.o(i.LCD_X_Config)
 <LI><a href="#[bc]">LcdWriteReg</a> from lcdconf_flexcolor.o(i.LcdWriteReg) referenced from lcdconf_flexcolor.o(i.LCD_X_Config)
 <LI><a href="#[1d]">MemManage_Handler</a> from stm32f4xx_it.o(i.MemManage_Handler) referenced from startup_stm32f407xx.o(RESET)
 <LI><a href="#[1b]">NMI_Handler</a> from stm32f4xx_it.o(i.NMI_Handler) referenced from startup_stm32f407xx.o(RESET)
 <LI><a href="#[67]">OTG_FS_IRQHandler</a> from startup_stm32f407xx.o(.text) referenced from startup_stm32f407xx.o(RESET)
 <LI><a href="#[4e]">OTG_FS_WKUP_IRQHandler</a> from startup_stm32f407xx.o(.text) referenced from startup_stm32f407xx.o(RESET)
 <LI><a href="#[6f]">OTG_HS_EP1_IN_IRQHandler</a> from startup_stm32f407xx.o(.text) referenced from startup_stm32f407xx.o(RESET)
 <LI><a href="#[6e]">OTG_HS_EP1_OUT_IRQHandler</a> from startup_stm32f407xx.o(.text) referenced from startup_stm32f407xx.o(RESET)
 <LI><a href="#[71]">OTG_HS_IRQHandler</a> from startup_stm32f407xx.o(.text) referenced from startup_stm32f407xx.o(RESET)
 <LI><a href="#[70]">OTG_HS_WKUP_IRQHandler</a> from startup_stm32f407xx.o(.text) referenced from startup_stm32f407xx.o(RESET)
 <LI><a href="#[25]">PVD_IRQHandler</a> from startup_stm32f407xx.o(.text) referenced from startup_stm32f407xx.o(RESET)
 <LI><a href="#[22]">PendSV_Handler</a> from port.o(.emb_text) referenced from startup_stm32f407xx.o(RESET)
 <LI><a href="#[29]">RCC_IRQHandler</a> from stm32f4xx_it.o(i.RCC_IRQHandler) referenced from startup_stm32f407xx.o(RESET)
 <LI><a href="#[4d]">RTC_Alarm_IRQHandler</a> from startup_stm32f407xx.o(.text) referenced from startup_stm32f407xx.o(RESET)
 <LI><a href="#[27]">RTC_WKUP_IRQHandler</a> from startup_stm32f407xx.o(.text) referenced from startup_stm32f407xx.o(RESET)
 <LI><a href="#[1a]">Reset_Handler</a> from startup_stm32f407xx.o(.text) referenced from startup_stm32f407xx.o(RESET)
 <LI><a href="#[55]">SDIO_IRQHandler</a> from startup_stm32f407xx.o(.text) referenced from startup_stm32f407xx.o(RESET)
 <LI><a href="#[47]">SPI1_IRQHandler</a> from startup_stm32f407xx.o(.text) referenced from startup_stm32f407xx.o(RESET)
 <LI><a href="#[48]">SPI2_IRQHandler</a> from startup_stm32f407xx.o(.text) referenced from startup_stm32f407xx.o(RESET)
 <LI><a href="#[57]">SPI3_IRQHandler</a> from startup_stm32f407xx.o(.text) referenced from startup_stm32f407xx.o(RESET)
 <LI><a href="#[94]">SPINBOX_Callback</a> from SPINBOX.o(.text.SPINBOX_Callback) referenced from SPINBOX.o(.text.SPINBOX_CreateUser)
 <LI><a href="#[cb]">SPINBOX_CreateIndirect</a> from SPINBOX.o(.text.SPINBOX_CreateIndirect) referenced from framewindlg_parameterset.o(.constdata)
 <LI><a href="#[7]">SPINBOX_DrawSkinFlex</a> from SPINBOX_SkinFlex.o(.text.SPINBOX_DrawSkinFlex) referenced 2 times from SPINBOX.o(.data)
 <LI><a href="#[20]">SVC_Handler</a> from port.o(.emb_text) referenced from startup_stm32f407xx.o(RESET)
 <LI><a href="#[23]">SysTick_Handler</a> from stm32f4xx_it.o(i.SysTick_Handler) referenced from startup_stm32f407xx.o(RESET)
 <LI><a href="#[76]">SystemInit</a> from system_stm32f4xx.o(i.SystemInit) referenced from startup_stm32f407xx.o(.text)
 <LI><a href="#[26]">TAMP_STAMP_IRQHandler</a> from startup_stm32f407xx.o(.text) referenced from startup_stm32f407xx.o(RESET)
 <LI><a href="#[95]">TEXT_Callback</a> from TEXT.o(.text.TEXT_Callback) referenced from TEXT.o(.text.TEXT_CreateUser)
 <LI><a href="#[ca]">TEXT_CreateIndirect</a> from TEXT.o(.text.TEXT_CreateIndirect) referenced 9 times from framewindlg_homepage.o(.constdata)
 <LI><a href="#[3c]">TIM1_BRK_TIM9_IRQHandler</a> from startup_stm32f407xx.o(.text) referenced from startup_stm32f407xx.o(RESET)
 <LI><a href="#[3f]">TIM1_CC_IRQHandler</a> from startup_stm32f407xx.o(.text) referenced from startup_stm32f407xx.o(RESET)
 <LI><a href="#[3e]">TIM1_TRG_COM_TIM11_IRQHandler</a> from startup_stm32f407xx.o(.text) referenced from startup_stm32f407xx.o(RESET)
 <LI><a href="#[3d]">TIM1_UP_TIM10_IRQHandler</a> from startup_stm32f407xx.o(.text) referenced from startup_stm32f407xx.o(RESET)
 <LI><a href="#[40]">TIM2_IRQHandler</a> from startup_stm32f407xx.o(.text) referenced from startup_stm32f407xx.o(RESET)
 <LI><a href="#[41]">TIM3_IRQHandler</a> from startup_stm32f407xx.o(.text) referenced from startup_stm32f407xx.o(RESET)
 <LI><a href="#[42]">TIM4_IRQHandler</a> from startup_stm32f407xx.o(.text) referenced from startup_stm32f407xx.o(RESET)
 <LI><a href="#[56]">TIM5_IRQHandler</a> from startup_stm32f407xx.o(.text) referenced from startup_stm32f407xx.o(RESET)
 <LI><a href="#[5a]">TIM6_DAC_IRQHandler</a> from startup_stm32f407xx.o(.text) referenced from startup_stm32f407xx.o(RESET)
 <LI><a href="#[5b]">TIM7_IRQHandler</a> from startup_stm32f407xx.o(.text) referenced from startup_stm32f407xx.o(RESET)
 <LI><a href="#[4f]">TIM8_BRK_TIM12_IRQHandler</a> from startup_stm32f407xx.o(.text) referenced from startup_stm32f407xx.o(RESET)
 <LI><a href="#[52]">TIM8_CC_IRQHandler</a> from startup_stm32f407xx.o(.text) referenced from startup_stm32f407xx.o(RESET)
 <LI><a href="#[51]">TIM8_TRG_COM_TIM14_IRQHandler</a> from startup_stm32f407xx.o(.text) referenced from startup_stm32f407xx.o(RESET)
 <LI><a href="#[50]">TIM8_UP_TIM13_IRQHandler</a> from startup_stm32f407xx.o(.text) referenced from startup_stm32f407xx.o(RESET)
 <LI><a href="#[58]">UART4_IRQHandler</a> from startup_stm32f407xx.o(.text) referenced from startup_stm32f407xx.o(RESET)
 <LI><a href="#[59]">UART5_IRQHandler</a> from startup_stm32f407xx.o(.text) referenced from startup_stm32f407xx.o(RESET)
 <LI><a href="#[bb]">UART_DMAAbortOnError</a> from stm32f4xx_hal_uart.o(i.UART_DMAAbortOnError) referenced from stm32f4xx_hal_uart.o(i.HAL_UART_IRQHandler)
 <LI><a href="#[49]">USART1_IRQHandler</a> from bsp_debug_usart.o(i.USART1_IRQHandler) referenced from startup_stm32f407xx.o(RESET)
 <LI><a href="#[4a]">USART2_IRQHandler</a> from startup_stm32f407xx.o(.text) referenced from startup_stm32f407xx.o(RESET)
 <LI><a href="#[4b]">USART3_IRQHandler</a> from startup_stm32f407xx.o(.text) referenced from startup_stm32f407xx.o(RESET)
 <LI><a href="#[6b]">USART6_IRQHandler</a> from startup_stm32f407xx.o(.text) referenced from startup_stm32f407xx.o(RESET)
 <LI><a href="#[1f]">UsageFault_Handler</a> from stm32f4xx_it.o(i.UsageFault_Handler) referenced from startup_stm32f407xx.o(RESET)
 <LI><a href="#[b2]">Usart_Task</a> from main.o(i.Usart_Task) referenced from main.o(i.AppTaskCreate)
 <LI><a href="#[138]">WIDGET_EFFECT_3D_DrawUp</a> from WIDGET_Effect_3D.o(.text.WIDGET_EFFECT_3D_DrawUp) referenced from WIDGET_Effect_3D.o(.rodata)
 <LI><a href="#[96]">WINDOW_Callback</a> from WINDOW.o(.text.WINDOW_Callback) referenced from WINDOW.o(.text.WINDOW_CreateUser)
 <LI><a href="#[cd]">WINDOW_CreateIndirect</a> from WINDOW.o(.text.WINDOW_CreateIndirect) referenced 2 times from windowdlg_xiangao_process.o(.constdata)
 <LI><a href="#[a6]">WM__Paint1</a> from WM.o(.text.WM__Paint1) referenced from WM.o(.text._Paint1)
 <LI><a href="#[24]">WWDG_IRQHandler</a> from startup_stm32f407xx.o(.text) referenced from startup_stm32f407xx.o(RESET)
 <LI><a href="#[b1]">WriteFontLCD_Task</a> from main.o(i.WriteFontLCD_Task) referenced from main.o(i.AppTaskCreate)
 <LI><a href="#[7a]">_AddKeyDec</a> from EDITDec.o(.text._AddKeyDec) referenced from EDITDec.o(.text.EDIT_SetDecMode)
 <LI><a href="#[de]">_CalcSizeOfChar</a> from GUI_UC_EncodeUTF8.o(.text._CalcSizeOfChar) referenced 2 times from GUI_UC_EncodeUTF8.o(.rodata)
 <LI><a href="#[d1]">_Color2IndexBulk</a> from GUICC_565.o(.text._Color2IndexBulk) referenced from GUICC_565.o(.rodata)
 <LI><a href="#[122]">_Color2IndexBulk_M8888I</a> from GUICC_M8888I.o(.text._Color2IndexBulk_M8888I) referenced from GUICC_M8888I.o(.rodata)
 <LI><a href="#[124]">_Color2Index_0</a> from GUICC_0.o(.text._Color2Index_0) referenced from GUICC_0.o(.rodata)
 <LI><a href="#[ce]">_Color2Index_565</a> from GUICC_565.o(.text._Color2Index_565) referenced from GUICC_565.o(.rodata)
 <LI><a href="#[120]">_Color2Index_M8888I</a> from GUICC_M8888I.o(.text._Color2Index_M8888I) referenced from GUICC_M8888I.o(.rodata)
 <LI><a href="#[11]">_Create</a> from BUTTON_Skin.o(.text._Create) referenced 6 times from BUTTON_Skin.o(.data)
 <LI><a href="#[e0]">_DispChar</a> from GUI_XBF_Prop.o(.text._DispChar) referenced from GUI_XBF_Prop.o(.rodata)
 <LI><a href="#[f4]">_DrawBitmap</a> from GUIDRV_FlexColor.o(.text._DrawBitmap) referenced 3 times from GUIDRV_FlexColor.o(.rodata)
 <LI><a href="#[84]">_DrawBitmap</a> from GUIDRV_FlexColor_16bpp_C0B16.o(.text._DrawBitmap) referenced from GUIDRV_FlexColor_16bpp_C0B16.o(.text.GUIDRV_FlexColor_SetMode16bppC0B16)
 <LI><a href="#[11d]">_DrawDown</a> from WIDGET_Effect_None.o(.text._DrawDown) referenced 3 times from WIDGET_Effect_None.o(.rodata)
 <LI><a href="#[11e]">_DrawDownRect</a> from WIDGET_Effect_None.o(.text._DrawDownRect) referenced 3 times from WIDGET_Effect_None.o(.rodata)
 <LI><a href="#[11f]">_DrawFlat</a> from WIDGET_Effect_None.o(.text._DrawFlat) referenced from WIDGET_Effect_None.o(.rodata)
 <LI><a href="#[f5]">_DrawHLine</a> from GUIDRV_FlexColor.o(.text._DrawHLine) referenced 3 times from GUIDRV_FlexColor.o(.rodata)
 <LI><a href="#[11b]">_DrawUp</a> from WIDGET_Effect_None.o(.text._DrawUp) referenced 2 times from WIDGET_Effect_None.o(.rodata)
 <LI><a href="#[11c]">_DrawUpRect</a> from WIDGET_Effect_None.o(.text._DrawUpRect) referenced 3 times from WIDGET_Effect_None.o(.rodata)
 <LI><a href="#[f6]">_DrawVLine</a> from GUIDRV_FlexColor.o(.text._DrawVLine) referenced 3 times from GUIDRV_FlexColor.o(.rodata)
 <LI><a href="#[df]">_Encode</a> from GUI_UC_EncodeUTF8.o(.text._Encode) referenced 2 times from GUI_UC_EncodeUTF8.o(.rodata)
 <LI><a href="#[f7]">_FillRect</a> from GUIDRV_FlexColor.o(.text._FillRect) referenced 3 times from GUIDRV_FlexColor.o(.rodata)
 <LI><a href="#[85]">_FillRect</a> from GUIDRV_FlexColor_16bpp_C0B16.o(.text._FillRect) referenced from GUIDRV_FlexColor_16bpp_C0B16.o(.text.GUIDRV_FlexColor_SetMode16bppC0B16)
 <LI><a href="#[136]">_GUI_USAGE_BM_Delete</a> from GUIDEV_UsageBM.o(.text._GUI_USAGE_BM_Delete) referenced from GUIDEV_UsageBM.o(.rodata)
 <LI><a href="#[14]">_GetBorderSize</a> from FRAMEWIN_Skin.o(.text._GetBorderSize) referenced 2 times from FRAMEWIN_Skin.o(.data)
 <LI><a href="#[dc]">_GetCharCode</a> from GUI_UC_EncodeUTF8.o(.text._GetCharCode) referenced 2 times from GUI_UC_EncodeUTF8.o(.rodata)
 <LI><a href="#[dd]">_GetCharSize</a> from GUI_UC_EncodeUTF8.o(.text._GetCharSize) referenced 2 times from GUI_UC_EncodeUTF8.o(.rodata)
 <LI><a href="#[f]">_GetCharWrap</a> from GUI__Wrap.o(.text._GetCharWrap) referenced 2 times from GUI__Wrap.o(.data)
 <LI><a href="#[b]">_GetCursorCharacter</a> from GUI__GetCursorPos.o(.text._GetCursorCharacter) referenced 2 times from GUI__GetCursorPos.o(.data)
 <LI><a href="#[a]">_GetCursorPosChar</a> from GUI__GetCursorPos.o(.text._GetCursorPosChar) referenced 2 times from GUI__GetCursorPos.o(.data)
 <LI><a href="#[9]">_GetCursorPosX</a> from GUI__GetCursorPos.o(.text._GetCursorPosX) referenced 2 times from GUI__GetCursorPos.o(.data)
 <LI><a href="#[fe]">_GetDevData</a> from GUIDRV_FlexColor.o(.text._GetDevData) referenced 3 times from GUIDRV_FlexColor.o(.rodata)
 <LI><a href="#[fc]">_GetDevFunc</a> from GUIDRV_FlexColor.o(.text._GetDevFunc) referenced 3 times from GUIDRV_FlexColor.o(.rodata)
 <LI><a href="#[9f]">_GetDevFunc_Init</a> from GUIDRV_FlexColor.o(.text._GetDevFunc_Init) referenced from GUIDRV_FlexColor.o(.text._GetDevFunc)
 <LI><a href="#[9c]">_GetDevFunc_Off</a> from GUIDRV_FlexColor.o(.text._GetDevFunc_Off) referenced from GUIDRV_FlexColor.o(.text._GetDevFunc)
 <LI><a href="#[a2]">_GetDevFunc_On</a> from GUIDRV_FlexColor.o(.text._GetDevFunc_On) referenced from GUIDRV_FlexColor.o(.text._GetDevFunc)
 <LI><a href="#[a5]">_GetDevFunc_SetRect</a> from GUIDRV_FlexColor.o(.text._GetDevFunc_SetRect) referenced from GUIDRV_FlexColor.o(.text._GetDevFunc_SetRectOutside)
 <LI><a href="#[a1]">_GetDevFunc_SetRectOutside</a> from GUIDRV_FlexColor.o(.text._GetDevFunc_SetRectOutside) referenced from GUIDRV_FlexColor.o(.text._GetDevFunc)
 <LI><a href="#[9e]">_GetDevFunc_SetSize</a> from GUIDRV_FlexColor.o(.text._GetDevFunc_SetSize) referenced from GUIDRV_FlexColor.o(.text._GetDevFunc)
 <LI><a href="#[9d]">_GetDevFunc_SetVSize</a> from GUIDRV_FlexColor.o(.text._GetDevFunc_SetVSize) referenced from GUIDRV_FlexColor.o(.text._GetDevFunc)
 <LI><a href="#[fd]">_GetDevProp</a> from GUIDRV_FlexColor.o(.text._GetDevProp) referenced 3 times from GUIDRV_FlexColor.o(.rodata)
 <LI><a href="#[126]">_GetIndexMask_0</a> from GUICC_0.o(.text._GetIndexMask_0) referenced from GUICC_0.o(.rodata)
 <LI><a href="#[d0]">_GetIndexMask_565</a> from GUICC_565.o(.text._GetIndexMask_565) referenced from GUICC_565.o(.rodata)
 <LI><a href="#[121]">_GetIndexMask_M8888I</a> from GUICC_M8888I.o(.text._GetIndexMask_M8888I) referenced from GUICC_M8888I.o(.rodata)
 <LI><a href="#[f8]">_GetPixelIndex</a> from GUIDRV_FlexColor.o(.text._GetPixelIndex) referenced 3 times from GUIDRV_FlexColor.o(.rodata)
 <LI><a href="#[ff]">_GetRect</a> from GUIDRV_FlexColor.o(.text._GetRect) referenced 3 times from GUIDRV_FlexColor.o(.rodata)
 <LI><a href="#[e]">_GetWordWrap</a> from GUI__Wrap.o(.text._GetWordWrap) referenced 2 times from GUI__Wrap.o(.data)
 <LI><a href="#[d2]">_Index2ColorBulk</a> from GUICC_565.o(.text._Index2ColorBulk) referenced from GUICC_565.o(.rodata)
 <LI><a href="#[123]">_Index2ColorBulk_M8888I</a> from GUICC_M8888I.o(.text._Index2ColorBulk_M8888I) referenced from GUICC_M8888I.o(.rodata)
 <LI><a href="#[125]">_Index2Color_0</a> from GUICC_0.o(.text._Index2Color_0) referenced from GUICC_0.o(.rodata)
 <LI><a href="#[e4]">_Log2PhysX_X0Y0S0</a> from GUIDRV_FlexColor.o(.text._Log2PhysX_X0Y0S0) referenced from GUIDRV_FlexColor.o(.rodata)
 <LI><a href="#[e8]">_Log2PhysX_X0Y0S1</a> from GUIDRV_FlexColor.o(.text._Log2PhysX_X0Y0S1) referenced from GUIDRV_FlexColor.o(.rodata)
 <LI><a href="#[e6]">_Log2PhysX_X0Y1S0</a> from GUIDRV_FlexColor.o(.text._Log2PhysX_X0Y1S0) referenced from GUIDRV_FlexColor.o(.rodata)
 <LI><a href="#[ea]">_Log2PhysX_X0Y1S1</a> from GUIDRV_FlexColor.o(.text._Log2PhysX_X0Y1S1) referenced from GUIDRV_FlexColor.o(.rodata)
 <LI><a href="#[e5]">_Log2PhysX_X1Y0S0</a> from GUIDRV_FlexColor.o(.text._Log2PhysX_X1Y0S0) referenced from GUIDRV_FlexColor.o(.rodata)
 <LI><a href="#[e9]">_Log2PhysX_X1Y0S1</a> from GUIDRV_FlexColor.o(.text._Log2PhysX_X1Y0S1) referenced from GUIDRV_FlexColor.o(.rodata)
 <LI><a href="#[e7]">_Log2PhysX_X1Y1S0</a> from GUIDRV_FlexColor.o(.text._Log2PhysX_X1Y1S0) referenced from GUIDRV_FlexColor.o(.rodata)
 <LI><a href="#[eb]">_Log2PhysX_X1Y1S1</a> from GUIDRV_FlexColor.o(.text._Log2PhysX_X1Y1S1) referenced from GUIDRV_FlexColor.o(.rodata)
 <LI><a href="#[ec]">_Log2PhysY_X0Y0S0</a> from GUIDRV_FlexColor.o(.text._Log2PhysY_X0Y0S0) referenced from GUIDRV_FlexColor.o(.rodata)
 <LI><a href="#[f0]">_Log2PhysY_X0Y0S1</a> from GUIDRV_FlexColor.o(.text._Log2PhysY_X0Y0S1) referenced from GUIDRV_FlexColor.o(.rodata)
 <LI><a href="#[ee]">_Log2PhysY_X0Y1S0</a> from GUIDRV_FlexColor.o(.text._Log2PhysY_X0Y1S0) referenced from GUIDRV_FlexColor.o(.rodata)
 <LI><a href="#[f2]">_Log2PhysY_X0Y1S1</a> from GUIDRV_FlexColor.o(.text._Log2PhysY_X0Y1S1) referenced from GUIDRV_FlexColor.o(.rodata)
 <LI><a href="#[ed]">_Log2PhysY_X1Y0S0</a> from GUIDRV_FlexColor.o(.text._Log2PhysY_X1Y0S0) referenced from GUIDRV_FlexColor.o(.rodata)
 <LI><a href="#[f1]">_Log2PhysY_X1Y0S1</a> from GUIDRV_FlexColor.o(.text._Log2PhysY_X1Y0S1) referenced from GUIDRV_FlexColor.o(.rodata)
 <LI><a href="#[ef]">_Log2PhysY_X1Y1S0</a> from GUIDRV_FlexColor.o(.text._Log2PhysY_X1Y1S0) referenced from GUIDRV_FlexColor.o(.rodata)
 <LI><a href="#[f3]">_Log2PhysY_X1Y1S1</a> from GUIDRV_FlexColor.o(.text._Log2PhysY_X1Y1S1) referenced from GUIDRV_FlexColor.o(.rodata)
 <LI><a href="#[8]">_Log2VisBuffered</a> from GUI_CharLine.o(.text._Log2VisBuffered) referenced 2 times from GUI_CharLine.o(.data)
 <LI><a href="#[8b]">_OnExit</a> from GUI_Task.o(.text._OnExit) referenced from GUI_Task.o(.text.GUITASK_Init)
 <LI><a href="#[8e]">_OnExit</a> from GUI_Timer.o(.text._OnExit) referenced from GUI_Timer.o(.text.GUI_TIMER_Create)
 <LI><a href="#[8f]">_OnExit</a> from GUI_Core.o(.text._OnExit) referenced from GUI_Core.o(.text.GUI__Config)
 <LI><a href="#[92]">_OnExit</a> from GUI__Alpha.o(.text._OnExit) referenced from GUI__Alpha.o(.text.GUI__GetAlphaBuffer)
 <LI><a href="#[93]">_OnExit</a> from LCD_Color.o(.text._OnExit) referenced from LCD_Color.o(.text.LCD_InitColors)
 <LI><a href="#[9a]">_OnExit</a> from WM.o(.text._OnExit) referenced from WM.o(.text.WM_Init)
 <LI><a href="#[3]">_OnTouchDefault</a> from BUTTON.o(.text._OnTouchDefault) referenced 2 times from BUTTON.o(.data)
 <LI><a href="#[10]">_Paint</a> from BUTTON_Skin.o(.text._Paint) referenced 6 times from BUTTON_Skin.o(.data)
 <LI><a href="#[d4]">_QR_Mask0</a> from GUI_QR.o(.text._QR_Mask0) referenced from GUI_QR.o(.rodata)
 <LI><a href="#[d5]">_QR_Mask1</a> from GUI_QR.o(.text._QR_Mask1) referenced from GUI_QR.o(.rodata)
 <LI><a href="#[d6]">_QR_Mask2</a> from GUI_QR.o(.text._QR_Mask2) referenced from GUI_QR.o(.rodata)
 <LI><a href="#[d7]">_QR_Mask3</a> from GUI_QR.o(.text._QR_Mask3) referenced from GUI_QR.o(.rodata)
 <LI><a href="#[d8]">_QR_Mask4</a> from GUI_QR.o(.text._QR_Mask4) referenced from GUI_QR.o(.rodata)
 <LI><a href="#[d9]">_QR_Mask5</a> from GUI_QR.o(.text._QR_Mask5) referenced from GUI_QR.o(.rodata)
 <LI><a href="#[da]">_QR_Mask6</a> from GUI_QR.o(.text._QR_Mask6) referenced from GUI_QR.o(.rodata)
 <LI><a href="#[db]">_QR_Mask7</a> from GUI_QR.o(.text._QR_Mask7) referenced from GUI_QR.o(.rodata)
 <LI><a href="#[88]">_ReadData</a> from GUIDRV_FlexColor_16bpp_C0B16.o(.text._ReadData) referenced from GUIDRV_FlexColor_16bpp_C0B16.o(.text.GUIDRV_FlexColor_SetMode16bppC0B16)
 <LI><a href="#[a8]">_ReadPixelCust_16bpp</a> from GUIDRV_FlexColor.o(.text._ReadPixelCust_16bpp) referenced from GUIDRV_FlexColor.o(.text._SetDevFunc)
 <LI><a href="#[a9]">_ReadPixelCust_18bpp</a> from GUIDRV_FlexColor.o(.text._ReadPixelCust_18bpp) referenced from GUIDRV_FlexColor.o(.text._SetDevFunc)
 <LI><a href="#[1]">_ReadPixel_16bpp_B16_I</a> from GUIDRV_FlexColor_Func66709.o(.text._ReadPixel_16bpp_B16_I) referenced 2 times from GUIDRV_FlexColor_Func66709.o(.data)
 <LI><a href="#[81]">_ReadPixel_16bpp_B8</a> from GUIDRV_FlexColor_Func66709.o(.text._ReadPixel_16bpp_B8) referenced from GUIDRV_FlexColor_Func66709.o(.text.GUIDRV_FlexColor_SetFunc66709)
 <LI><a href="#[aa]">_ReadRectCust_16bpp</a> from GUIDRV_FlexColor.o(.text._ReadRectCust_16bpp) referenced from GUIDRV_FlexColor.o(.text._SetDevFunc)
 <LI><a href="#[ab]">_ReadRectCust_18bpp</a> from GUIDRV_FlexColor.o(.text._ReadRectCust_18bpp) referenced from GUIDRV_FlexColor.o(.text._SetDevFunc)
 <LI><a href="#[2]">_ReadRect_16bpp_B16_I</a> from GUIDRV_FlexColor_Func66709.o(.text._ReadRect_16bpp_B16_I) referenced 2 times from GUIDRV_FlexColor_Func66709.o(.data)
 <LI><a href="#[82]">_ReadRect_16bpp_B8</a> from GUIDRV_FlexColor_Func66709.o(.text._ReadRect_16bpp_B8) referenced from GUIDRV_FlexColor_Func66709.o(.text.GUIDRV_FlexColor_SetFunc66709)
 <LI><a href="#[10d]">_SetBkColor</a> from LCD.o(.text._SetBkColor) referenced from LCD.o(.rodata)
 <LI><a href="#[10c]">_SetColor</a> from LCD.o(.text._SetColor) referenced from LCD.o(.rodata)
 <LI><a href="#[a0]">_SetDevFunc</a> from GUIDRV_FlexColor.o(.text._SetDevFunc) referenced from GUIDRV_FlexColor.o(.text._GetDevFunc)
 <LI><a href="#[10e]">_SetDrawMode</a> from LCD.o(.text._SetDrawMode) referenced from LCD.o(.rodata)
 <LI><a href="#[83]">_SetInterface</a> from GUIDRV_FlexColor_Func66709.o(.text._SetInterface) referenced from GUIDRV_FlexColor_Func66709.o(.text.GUIDRV_FlexColor_SetFunc66709)
 <LI><a href="#[fb]">_SetOrg</a> from GUIDRV_FlexColor.o(.text._SetOrg) referenced 3 times from GUIDRV_FlexColor.o(.rodata)
 <LI><a href="#[80]">_SetOrientation</a> from GUIDRV_FlexColor_Func66709.o(.text._SetOrientation) referenced from GUIDRV_FlexColor_Func66709.o(.text.GUIDRV_FlexColor_SetFunc66709)
 <LI><a href="#[7e]">_SetPhysRAMAddr</a> from GUIDRV_FlexColor_Func66709.o(.text._SetPhysRAMAddr) referenced from GUIDRV_FlexColor_Func66709.o(.text.GUIDRV_FlexColor_SetFunc66709)
 <LI><a href="#[f9]">_SetPixelIndex</a> from GUIDRV_FlexColor.o(.text._SetPixelIndex) referenced 3 times from GUIDRV_FlexColor.o(.rodata)
 <LI><a href="#[7f]">_SetRect</a> from GUIDRV_FlexColor_Func66709.o(.text._SetRect) referenced from GUIDRV_FlexColor_Func66709.o(.text.GUIDRV_FlexColor_SetFunc66709)
 <LI><a href="#[ae]">_SetReg_B16</a> from GUIDRV_FlexColor_Func66709.o(.text._SetReg_B16) referenced from GUIDRV_FlexColor_Func66709.o(.text._SetInterface)
 <LI><a href="#[ac]">_SetReg_B8</a> from GUIDRV_FlexColor_Func66709.o(.text._SetReg_B8) referenced from GUIDRV_FlexColor_Func66709.o(.text._SetInterface)
 <LI><a href="#[7b]">_UpdateBuffer</a> from EDITDec.o(.text._UpdateBuffer) referenced from EDITDec.o(.text.EDIT_SetDecMode)
 <LI><a href="#[89]">_WriteData</a> from GUIDRV_FlexColor_16bpp_C0B16.o(.text._WriteData) referenced from GUIDRV_FlexColor_16bpp_C0B16.o(.text.GUIDRV_FlexColor_SetMode16bppC0B16)
 <LI><a href="#[af]">_WritePara_B16</a> from GUIDRV_FlexColor_Func66709.o(.text._WritePara_B16) referenced from GUIDRV_FlexColor_Func66709.o(.text._SetInterface)
 <LI><a href="#[ad]">_WritePara_B8</a> from GUIDRV_FlexColor_Func66709.o(.text._WritePara_B8) referenced from GUIDRV_FlexColor_Func66709.o(.text._SetInterface)
 <LI><a href="#[fa]">_XorPixel</a> from GUIDRV_FlexColor.o(.text._XorPixel) referenced 3 times from GUIDRV_FlexColor.o(.rodata)
 <LI><a href="#[77]">__main</a> from entry.o(.ARM.Collect$$$$00000000) referenced from startup_stm32f407xx.o(.text)
 <LI><a href="#[99]">_cbBackWin</a> from WM.o(.text._cbBackWin) referenced from WM.o(.text.WM_Init)
 <LI><a href="#[c2]">_cbBkWindow</a> from gui_maintask.o(i._cbBkWindow) referenced from gui_maintask.o(i.MainTask)
 <LI><a href="#[c4]">_cbButton2</a> from windowdlg_xiangao_process.o(i._cbButton2) referenced from windowdlg_xiangao_process.o(i._cbDialog)
 <LI><a href="#[b3]">_cbDialog</a> from framewindlg_homepage.o(i._cbDialog) referenced from framewindlg_homepage.o(i.Create_Homepage_Framewin)
 <LI><a href="#[b6]">_cbDialog</a> from windowdlg_xiangao_process.o(i._cbDialog) referenced from windowdlg_xiangao_process.o(i.Create_XianGao_Process_Window)
 <LI><a href="#[b7]">_cbDialog</a> from windowdlg_xiangao_sure.o(i._cbDialog) referenced from windowdlg_xiangao_sure.o(i.Create_XianGao_Sure_Window)
 <LI><a href="#[b5]">_cbDialog2</a> from framewindlg_parameterset.o(i._cbDialog2) referenced from framewindlg_parameterset.o(i.Create_PARAMETERS_SET_Framewin)
 <LI><a href="#[b4]">_cbDialog3</a> from framewindlg_moreinformation.o(i._cbDialog3) referenced from framewindlg_moreinformation.o(i.Create_MoreInformation_Framewin)
 <LI><a href="#[b8]">_cbGetData_Font16</a> from guifont_create.o(i._cbGetData_Font16) referenced from guifont_create.o(i.GUI_SetXBF)
 <LI><a href="#[b9]">_cbGetData_Font24</a> from guifont_create.o(i._cbGetData_Font24) referenced from guifont_create.o(i.GUI_SetXBF)
 <LI><a href="#[ba]">_cbGetData_Font32</a> from guifont_create.o(i._cbGetData_Font32) referenced from guifont_create.o(i.GUI_SetXBF)
 <LI><a href="#[97]">_cbInvalidateOne</a> from WM_BringToTop.o(.text._cbInvalidateOne) referenced from WM_BringToTop.o(.text.WM_BringToTop)
 <LI><a href="#[9b]">_cbPaintMemDev</a> from WM.o(.text._cbPaintMemDev) referenced from WM.o(.text.WM__Paint)
 <LI><a href="#[98]">_cbTimer</a> from WM_Timer.o(.text._cbTimer) referenced from WM_Timer.o(.text.WM_CreateTimer)
 <LI><a href="#[c3]">fputc</a> from bsp_debug_usart.o(i.fputc) referenced from printf8.o(i.__0printf$8)
 <LI><a href="#[75]">main</a> from main.o(i.main) referenced from entry9a.o(.ARM.Collect$$$$0000000B)
 <LI><a href="#[c]">memcpy</a> from memmove.o(.text) referenced 2 times from GUI__Private.o(.data)
 <LI><a href="#[d]">memset</a> from memseta.o(.text) referenced 2 times from GUI__Private.o(.data)
 <LI><a href="#[c7]">prvIdleTask</a> from tasks.o(i.prvIdleTask) referenced from tasks.o(i.vTaskStartScheduler)
 <LI><a href="#[c6]">prvTaskExitError</a> from port.o(i.prvTaskExitError) referenced from port.o(i.pxPortInitialiseStack)
</UL>
<P>
<H3>
Global Symbols
</H3>
<P><STRONG><a name="[77]"></a>__main</STRONG> (Thumb, 0 bytes, Stack size unknown bytes, entry.o(.ARM.Collect$$$$00000000))
<BR>[Address Reference Count : 1]<UL><LI> startup_stm32f407xx.o(.text)
</UL>
<P><STRONG><a name="[3ee]"></a>_main_stk</STRONG> (Thumb, 0 bytes, Stack size unknown bytes, entry2.o(.ARM.Collect$$$$00000001))

<P><STRONG><a name="[140]"></a>_main_scatterload</STRONG> (Thumb, 0 bytes, Stack size unknown bytes, entry5.o(.ARM.Collect$$$$00000004))
<BR><BR>[Calls]<UL><LI><a href="#[141]">&gt;&gt;</a>&nbsp;&nbsp;&nbsp;__scatterload
</UL>

<P><STRONG><a name="[148]"></a>__main_after_scatterload</STRONG> (Thumb, 0 bytes, Stack size unknown bytes, entry5.o(.ARM.Collect$$$$00000004))
<BR><BR>[Called By]<UL><LI><a href="#[141]">&gt;&gt;</a>&nbsp;&nbsp;&nbsp;__scatterload
</UL>

<P><STRONG><a name="[3ef]"></a>_main_clock</STRONG> (Thumb, 0 bytes, Stack size unknown bytes, entry7b.o(.ARM.Collect$$$$00000008))

<P><STRONG><a name="[3f0]"></a>_main_cpp_init</STRONG> (Thumb, 0 bytes, Stack size unknown bytes, entry8b.o(.ARM.Collect$$$$0000000A))

<P><STRONG><a name="[3f1]"></a>_main_init</STRONG> (Thumb, 0 bytes, Stack size unknown bytes, entry9a.o(.ARM.Collect$$$$0000000B))

<P><STRONG><a name="[3f2]"></a>__rt_final_cpp</STRONG> (Thumb, 0 bytes, Stack size unknown bytes, entry10a.o(.ARM.Collect$$$$0000000D))

<P><STRONG><a name="[3f3]"></a>__rt_final_exit</STRONG> (Thumb, 0 bytes, Stack size unknown bytes, entry11a.o(.ARM.Collect$$$$0000000F))

<P><STRONG><a name="[20]"></a>SVC_Handler</STRONG> (Thumb, 28 bytes, Stack size 0 bytes, port.o(.emb_text))
<BR>[Address Reference Count : 1]<UL><LI> startup_stm32f407xx.o(RESET)
</UL>
<P><STRONG><a name="[3ea]"></a>__asm___6_port_c_39a90d8d__prvStartFirstTask</STRONG> (Thumb, 28 bytes, Stack size 0 bytes, port.o(.emb_text))
<BR><BR>[Called By]<UL><LI><a href="#[3e7]">&gt;&gt;</a>&nbsp;&nbsp;&nbsp;xPortStartScheduler
</UL>

<P><STRONG><a name="[3e9]"></a>__asm___6_port_c_39a90d8d__prvEnableVFP</STRONG> (Thumb, 16 bytes, Stack size 0 bytes, port.o(.emb_text))
<BR><BR>[Called By]<UL><LI><a href="#[3e7]">&gt;&gt;</a>&nbsp;&nbsp;&nbsp;xPortStartScheduler
</UL>

<P><STRONG><a name="[22]"></a>PendSV_Handler</STRONG> (Thumb, 88 bytes, Stack size 0 bytes, port.o(.emb_text))
<BR><BR>[Stack]<UL><LI>Max Depth = 32<LI>Call Chain = PendSV_Handler &rArr; vTaskSwitchContext &rArr; __2printf
</UL>
<BR>[Calls]<UL><LI><a href="#[142]">&gt;&gt;</a>&nbsp;&nbsp;&nbsp;vTaskSwitchContext
</UL>
<BR>[Address Reference Count : 1]<UL><LI> startup_stm32f407xx.o(RESET)
</UL>
<P><STRONG><a name="[3e2]"></a>vPortGetIPSR</STRONG> (Thumb, 6 bytes, Stack size 0 bytes, port.o(.emb_text))
<BR><BR>[Called By]<UL><LI><a href="#[3e1]">&gt;&gt;</a>&nbsp;&nbsp;&nbsp;vPortValidateInterruptPriority
</UL>

<P><STRONG><a name="[1a]"></a>Reset_Handler</STRONG> (Thumb, 8 bytes, Stack size 0 bytes, startup_stm32f407xx.o(.text))
<BR>[Address Reference Count : 1]<UL><LI> startup_stm32f407xx.o(RESET)
</UL>
<P><STRONG><a name="[36]"></a>ADC_IRQHandler</STRONG> (Thumb, 0 bytes, Stack size 0 bytes, startup_stm32f407xx.o(.text))
<BR><BR>[Calls]<UL><LI><a href="#[36]">&gt;&gt;</a>&nbsp;&nbsp;&nbsp;ADC_IRQHandler
</UL>
<BR>[Called By]<UL><LI><a href="#[36]">&gt;&gt;</a>&nbsp;&nbsp;&nbsp;ADC_IRQHandler
</UL>
<BR>[Address Reference Count : 1]<UL><LI> startup_stm32f407xx.o(RESET)
</UL>
<P><STRONG><a name="[38]"></a>CAN1_RX0_IRQHandler</STRONG> (Thumb, 0 bytes, Stack size 0 bytes, startup_stm32f407xx.o(.text))
<BR>[Address Reference Count : 1]<UL><LI> startup_stm32f407xx.o(RESET)
</UL>
<P><STRONG><a name="[39]"></a>CAN1_RX1_IRQHandler</STRONG> (Thumb, 0 bytes, Stack size 0 bytes, startup_stm32f407xx.o(.text))
<BR>[Address Reference Count : 1]<UL><LI> startup_stm32f407xx.o(RESET)
</UL>
<P><STRONG><a name="[3a]"></a>CAN1_SCE_IRQHandler</STRONG> (Thumb, 0 bytes, Stack size 0 bytes, startup_stm32f407xx.o(.text))
<BR>[Address Reference Count : 1]<UL><LI> startup_stm32f407xx.o(RESET)
</UL>
<P><STRONG><a name="[37]"></a>CAN1_TX_IRQHandler</STRONG> (Thumb, 0 bytes, Stack size 0 bytes, startup_stm32f407xx.o(.text))
<BR>[Address Reference Count : 1]<UL><LI> startup_stm32f407xx.o(RESET)
</UL>
<P><STRONG><a name="[64]"></a>CAN2_RX0_IRQHandler</STRONG> (Thumb, 0 bytes, Stack size 0 bytes, startup_stm32f407xx.o(.text))
<BR>[Address Reference Count : 1]<UL><LI> startup_stm32f407xx.o(RESET)
</UL>
<P><STRONG><a name="[65]"></a>CAN2_RX1_IRQHandler</STRONG> (Thumb, 0 bytes, Stack size 0 bytes, startup_stm32f407xx.o(.text))
<BR>[Address Reference Count : 1]<UL><LI> startup_stm32f407xx.o(RESET)
</UL>
<P><STRONG><a name="[66]"></a>CAN2_SCE_IRQHandler</STRONG> (Thumb, 0 bytes, Stack size 0 bytes, startup_stm32f407xx.o(.text))
<BR>[Address Reference Count : 1]<UL><LI> startup_stm32f407xx.o(RESET)
</UL>
<P><STRONG><a name="[63]"></a>CAN2_TX_IRQHandler</STRONG> (Thumb, 0 bytes, Stack size 0 bytes, startup_stm32f407xx.o(.text))
<BR>[Address Reference Count : 1]<UL><LI> startup_stm32f407xx.o(RESET)
</UL>
<P><STRONG><a name="[72]"></a>DCMI_IRQHandler</STRONG> (Thumb, 0 bytes, Stack size 0 bytes, startup_stm32f407xx.o(.text))
<BR>[Address Reference Count : 1]<UL><LI> startup_stm32f407xx.o(RESET)
</UL>
<P><STRONG><a name="[2f]"></a>DMA1_Stream0_IRQHandler</STRONG> (Thumb, 0 bytes, Stack size 0 bytes, startup_stm32f407xx.o(.text))
<BR>[Address Reference Count : 1]<UL><LI> startup_stm32f407xx.o(RESET)
</UL>
<P><STRONG><a name="[30]"></a>DMA1_Stream1_IRQHandler</STRONG> (Thumb, 0 bytes, Stack size 0 bytes, startup_stm32f407xx.o(.text))
<BR>[Address Reference Count : 1]<UL><LI> startup_stm32f407xx.o(RESET)
</UL>
<P><STRONG><a name="[31]"></a>DMA1_Stream2_IRQHandler</STRONG> (Thumb, 0 bytes, Stack size 0 bytes, startup_stm32f407xx.o(.text))
<BR>[Address Reference Count : 1]<UL><LI> startup_stm32f407xx.o(RESET)
</UL>
<P><STRONG><a name="[32]"></a>DMA1_Stream3_IRQHandler</STRONG> (Thumb, 0 bytes, Stack size 0 bytes, startup_stm32f407xx.o(.text))
<BR>[Address Reference Count : 1]<UL><LI> startup_stm32f407xx.o(RESET)
</UL>
<P><STRONG><a name="[33]"></a>DMA1_Stream4_IRQHandler</STRONG> (Thumb, 0 bytes, Stack size 0 bytes, startup_stm32f407xx.o(.text))
<BR>[Address Reference Count : 1]<UL><LI> startup_stm32f407xx.o(RESET)
</UL>
<P><STRONG><a name="[34]"></a>DMA1_Stream5_IRQHandler</STRONG> (Thumb, 0 bytes, Stack size 0 bytes, startup_stm32f407xx.o(.text))
<BR>[Address Reference Count : 1]<UL><LI> startup_stm32f407xx.o(RESET)
</UL>
<P><STRONG><a name="[35]"></a>DMA1_Stream6_IRQHandler</STRONG> (Thumb, 0 bytes, Stack size 0 bytes, startup_stm32f407xx.o(.text))
<BR>[Address Reference Count : 1]<UL><LI> startup_stm32f407xx.o(RESET)
</UL>
<P><STRONG><a name="[53]"></a>DMA1_Stream7_IRQHandler</STRONG> (Thumb, 0 bytes, Stack size 0 bytes, startup_stm32f407xx.o(.text))
<BR>[Address Reference Count : 1]<UL><LI> startup_stm32f407xx.o(RESET)
</UL>
<P><STRONG><a name="[5c]"></a>DMA2_Stream0_IRQHandler</STRONG> (Thumb, 0 bytes, Stack size 0 bytes, startup_stm32f407xx.o(.text))
<BR>[Address Reference Count : 1]<UL><LI> startup_stm32f407xx.o(RESET)
</UL>
<P><STRONG><a name="[5d]"></a>DMA2_Stream1_IRQHandler</STRONG> (Thumb, 0 bytes, Stack size 0 bytes, startup_stm32f407xx.o(.text))
<BR>[Address Reference Count : 1]<UL><LI> startup_stm32f407xx.o(RESET)
</UL>
<P><STRONG><a name="[5e]"></a>DMA2_Stream2_IRQHandler</STRONG> (Thumb, 0 bytes, Stack size 0 bytes, startup_stm32f407xx.o(.text))
<BR>[Address Reference Count : 1]<UL><LI> startup_stm32f407xx.o(RESET)
</UL>
<P><STRONG><a name="[5f]"></a>DMA2_Stream3_IRQHandler</STRONG> (Thumb, 0 bytes, Stack size 0 bytes, startup_stm32f407xx.o(.text))
<BR>[Address Reference Count : 1]<UL><LI> startup_stm32f407xx.o(RESET)
</UL>
<P><STRONG><a name="[60]"></a>DMA2_Stream4_IRQHandler</STRONG> (Thumb, 0 bytes, Stack size 0 bytes, startup_stm32f407xx.o(.text))
<BR>[Address Reference Count : 1]<UL><LI> startup_stm32f407xx.o(RESET)
</UL>
<P><STRONG><a name="[69]"></a>DMA2_Stream6_IRQHandler</STRONG> (Thumb, 0 bytes, Stack size 0 bytes, startup_stm32f407xx.o(.text))
<BR>[Address Reference Count : 1]<UL><LI> startup_stm32f407xx.o(RESET)
</UL>
<P><STRONG><a name="[6a]"></a>DMA2_Stream7_IRQHandler</STRONG> (Thumb, 0 bytes, Stack size 0 bytes, startup_stm32f407xx.o(.text))
<BR>[Address Reference Count : 1]<UL><LI> startup_stm32f407xx.o(RESET)
</UL>
<P><STRONG><a name="[61]"></a>ETH_IRQHandler</STRONG> (Thumb, 0 bytes, Stack size 0 bytes, startup_stm32f407xx.o(.text))
<BR>[Address Reference Count : 1]<UL><LI> startup_stm32f407xx.o(RESET)
</UL>
<P><STRONG><a name="[62]"></a>ETH_WKUP_IRQHandler</STRONG> (Thumb, 0 bytes, Stack size 0 bytes, startup_stm32f407xx.o(.text))
<BR>[Address Reference Count : 1]<UL><LI> startup_stm32f407xx.o(RESET)
</UL>
<P><STRONG><a name="[2a]"></a>EXTI0_IRQHandler</STRONG> (Thumb, 0 bytes, Stack size 0 bytes, startup_stm32f407xx.o(.text))
<BR>[Address Reference Count : 1]<UL><LI> startup_stm32f407xx.o(RESET)
</UL>
[...]
</UL>
<P><STRONG><a name="[120]"></a>_Color2Index_M8888I</STRONG> (Thumb, 2 bytes, Stack size unknown bytes, GUICC_M8888I.o(.text._Color2Index_M8888I))
<BR>[Address Reference Count : 1]<UL><LI> GUICC_M8888I.o(.rodata)
</UL>
<P><STRONG><a name="[121]"></a>_GetIndexMask_M8888I</STRONG> (Thumb, 6 bytes, Stack size unknown bytes, GUICC_M8888I.o(.text._GetIndexMask_M8888I))
<BR>[Address Reference Count : 1]<UL><LI> GUICC_M8888I.o(.rodata)
</UL>
<P><STRONG><a name="[122]"></a>_Color2IndexBulk_M8888I</STRONG> (Thumb, 16 bytes, Stack size unknown bytes, GUICC_M8888I.o(.text._Color2IndexBulk_M8888I))
<BR>[Address Reference Count : 1]<UL><LI> GUICC_M8888I.o(.rodata)
</UL>
<P><STRONG><a name="[123]"></a>_Index2ColorBulk_M8888I</STRONG> (Thumb, 16 bytes, Stack size unknown bytes, GUICC_M8888I.o(.text._Index2ColorBulk_M8888I))
<BR>[Address Reference Count : 1]<UL><LI> GUICC_M8888I.o(.rodata)
</UL>
<P><STRONG><a name="[126]"></a>_GetIndexMask_0</STRONG> (Thumb, 82 bytes, Stack size unknown bytes, GUICC_0.o(.text._GetIndexMask_0))
<BR><BR>[Calls]<UL><LI><a href="#[2b7]">&gt;&gt;</a>&nbsp;&nbsp;&nbsp;LCD_GetNumColors
</UL>
<BR>[Address Reference Count : 1]<UL><LI> GUICC_0.o(.rodata)
</UL>
<P><STRONG><a name="[125]"></a>_Index2Color_0</STRONG> (Thumb, 30 bytes, Stack size unknown bytes, GUICC_0.o(.text._Index2Color_0))
<BR><BR>[Calls]<UL><LI><a href="#[2ba]">&gt;&gt;</a>&nbsp;&nbsp;&nbsp;LCD_GetPalette
<LI><a href="#[2b7]">&gt;&gt;</a>&nbsp;&nbsp;&nbsp;LCD_GetNumColors
</UL>
<BR>[Address Reference Count : 1]<UL><LI> GUICC_0.o(.rodata)
</UL>
<P><STRONG><a name="[124]"></a>_Color2Index_0</STRONG> (Thumb, 82 bytes, Stack size unknown bytes, GUICC_0.o(.text._Color2Index_0))
<BR><BR>[Calls]<UL><LI><a href="#[339]">&gt;&gt;</a>&nbsp;&nbsp;&nbsp;GUI_CalcColorDist
<LI><a href="#[2ba]">&gt;&gt;</a>&nbsp;&nbsp;&nbsp;LCD_GetPalette
<LI><a href="#[2b7]">&gt;&gt;</a>&nbsp;&nbsp;&nbsp;LCD_GetNumColors
</UL>
<BR>[Address Reference Count : 1]<UL><LI> GUICC_0.o(.rodata)
</UL>
<P><STRONG><a name="[1cb]"></a>_Add</STRONG> (Thumb, 64 bytes, Stack size unknown bytes, GUI_FillPolygon.o(.text._Add))
<BR><BR>[Called By]<UL><LI><a href="#[1c5]">&gt;&gt;</a>&nbsp;&nbsp;&nbsp;GL_FillPolygon
</UL>

<P><STRONG><a name="[8e]"></a>_OnExit</STRONG> (Thumb, 16 bytes, Stack size unknown bytes, GUI_Timer.o(.text._OnExit))
<BR>[Address Reference Count : 1]<UL><LI> GUI_Timer.o(.text.GUI_TIMER_Create)
</UL>
<P><STRONG><a name="[287]"></a>_Link</STRONG> (Thumb, 144 bytes, Stack size unknown bytes, GUI_Timer.o(.text._Link))
<BR><BR>[Calls]<UL><LI><a href="#[14b]">&gt;&gt;</a>&nbsp;&nbsp;&nbsp;GUI_ALLOC_UnlockH
<LI><a href="#[14a]">&gt;&gt;</a>&nbsp;&nbsp;&nbsp;GUI_ALLOC_LockH
</UL>
<BR>[Called By]<UL><LI><a href="#[28b]">&gt;&gt;</a>&nbsp;&nbsp;&nbsp;GUI_TIMER_Restart
<LI><a href="#[286]">&gt;&gt;</a>&nbsp;&nbsp;&nbsp;GUI_TIMER_Create
</UL>

<P><STRONG><a name="[289]"></a>_Unlink</STRONG> (Thumb, 76 bytes, Stack size unknown bytes, GUI_Timer.o(.text._Unlink))
<BR><BR>[Calls]<UL><LI><a href="#[14b]">&gt;&gt;</a>&nbsp;&nbsp;&nbsp;GUI_ALLOC_UnlockH
<LI><a href="#[14a]">&gt;&gt;</a>&nbsp;&nbsp;&nbsp;GUI_ALLOC_LockH
</UL>
<BR>[Called By]<UL><LI><a href="#[28b]">&gt;&gt;</a>&nbsp;&nbsp;&nbsp;GUI_TIMER_Restart
<LI><a href="#[288]">&gt;&gt;</a>&nbsp;&nbsp;&nbsp;GUI_TIMER_Delete
</UL>

<P><STRONG><a name="[92]"></a>_OnExit</STRONG> (Thumb, 40 bytes, Stack size unknown bytes, GUI__Alpha.o(.text._OnExit))
<BR><BR>[Calls]<UL><LI><a href="#[1fb]">&gt;&gt;</a>&nbsp;&nbsp;&nbsp;GUI_ALLOC_FreeFixedBlock
</UL>
<BR>[Address Reference Count : 1]<UL><LI> GUI__Alpha.o(.text.GUI__GetAlphaBuffer)
</UL>
<P><STRONG><a name="[131]"></a>_GetDevData</STRONG> (Thumb, 16 bytes, Stack size unknown bytes, GUIDEV_32.o(.text._GetDevData))
<BR>[Address Reference Count : 1]<UL><LI> GUIDEV_32.o(.rodata)
</UL>
<P><STRONG><a name="[12f]"></a>_GetDevFunc</STRONG> (Thumb, 16 bytes, Stack size unknown bytes, GUIDEV_32.o(.text._GetDevFunc))
<BR>[Address Reference Count : 1]<UL><LI> GUIDEV_32.o(.rodata)
</UL>
<P><STRONG><a name="[130]"></a>_GetDevProp</STRONG> (Thumb, 10 bytes, Stack size unknown bytes, GUIDEV_32.o(.text._GetDevProp))
<BR>[Address Reference Count : 1]<UL><LI> GUIDEV_32.o(.rodata)
</UL>
<P><STRONG><a name="[12e]"></a>_SetOrg</STRONG> (Thumb, 8 bytes, Stack size unknown bytes, GUIDEV_32.o(.text._SetOrg))
<BR>[Address Reference Count : 1]<UL><LI> GUIDEV_32.o(.rodata)
</UL>
<P><STRONG><a name="[132]"></a>_GetRect</STRONG> (Thumb, 54 bytes, Stack size unknown bytes, GUIDEV_32.o(.text._GetRect))
<BR><BR>[Calls]<UL><LI><a href="#[14b]">&gt;&gt;</a>&nbsp;&nbsp;&nbsp;GUI_ALLOC_UnlockH
<LI><a href="#[14a]">&gt;&gt;</a>&nbsp;&nbsp;&nbsp;GUI_ALLOC_LockH
</UL>
<BR>[Address Reference Count : 1]<UL><LI> GUIDEV_32.o(.rodata)
</UL>
<P><STRONG><a name="[33d]"></a>_XY2PTR</STRONG> (Thumb, 64 bytes, Stack size unknown bytes, GUIDEV_32.o(.text._XY2PTR))
<BR><BR>[Calls]<UL><LI><a href="#[14b]">&gt;&gt;</a>&nbsp;&nbsp;&nbsp;GUI_ALLOC_UnlockH
<LI><a href="#[14a]">&gt;&gt;</a>&nbsp;&nbsp;&nbsp;GUI_ALLOC_LockH
</UL>
<BR>[Called By]<UL><LI><a href="#[127]">&gt;&gt;</a>&nbsp;&nbsp;&nbsp;_DrawBitmap
<LI><a href="#[12a]">&gt;&gt;</a>&nbsp;&nbsp;&nbsp;_FillRect
<LI><a href="#[129]">&gt;&gt;</a>&nbsp;&nbsp;&nbsp;_DrawVLine
<LI><a href="#[12c]">&gt;&gt;</a>&nbsp;&nbsp;&nbsp;_SetPixelIndex
<LI><a href="#[12d]">&gt;&gt;</a>&nbsp;&nbsp;&nbsp;_XorPixel
<LI><a href="#[12b]">&gt;&gt;</a>&nbsp;&nbsp;&nbsp;_GetPixelIndex
</UL>

<P><STRONG><a name="[12b]"></a>_GetPixelIndex</STRONG> (Thumb, 14 bytes, Stack size unknown bytes, GUIDEV_32.o(.text._GetPixelIndex))
<BR><BR>[Calls]<UL><LI><a href="#[33d]">&gt;&gt;</a>&nbsp;&nbsp;&nbsp;_XY2PTR
</UL>
<BR>[Address Reference Count : 1]<UL><LI> GUIDEV_32.o(.rodata)
</UL>
<P><STRONG><a name="[12d]"></a>_XorPixel</STRONG> (Thumb, 92 bytes, Stack size unknown bytes, GUIDEV_32.o(.text._XorPixel))
<BR><BR>[Calls]<UL><LI><a href="#[14b]">&gt;&gt;</a>&nbsp;&nbsp;&nbsp;GUI_ALLOC_UnlockH
<LI><a href="#[14a]">&gt;&gt;</a>&nbsp;&nbsp;&nbsp;GUI_ALLOC_LockH
<LI><a href="#[33d]">&gt;&gt;</a>&nbsp;&nbsp;&nbsp;_XY2PTR
</UL>
<BR>[Address Reference Count : 1]<UL><LI> GUIDEV_32.o(.rodata)
</UL>
<P><STRONG><a name="[12c]"></a>_SetPixelIndex</STRONG> (Thumb, 76 bytes, Stack size unknown bytes, GUIDEV_32.o(.text._SetPixelIndex))
<BR><BR>[Calls]<UL><LI><a href="#[14b]">&gt;&gt;</a>&nbsp;&nbsp;&nbsp;GUI_ALLOC_UnlockH
<LI><a href="#[14a]">&gt;&gt;</a>&nbsp;&nbsp;&nbsp;GUI_ALLOC_LockH
<LI><a href="#[33d]">&gt;&gt;</a>&nbsp;&nbsp;&nbsp;_XY2PTR
</UL>
<BR>[Address Reference Count : 1]<UL><LI> GUIDEV_32.o(.rodata)
</UL>
<P><STRONG><a name="[129]"></a>_DrawVLine</STRONG> (Thumb, 180 bytes, Stack size unknown bytes, GUIDEV_32.o(.text._DrawVLine))
<BR><BR>[Calls]<UL><LI><a href="#[14b]">&gt;&gt;</a>&nbsp;&nbsp;&nbsp;GUI_ALLOC_UnlockH
<LI><a href="#[14a]">&gt;&gt;</a>&nbsp;&nbsp;&nbsp;GUI_ALLOC_LockH
<LI><a href="#[33d]">&gt;&gt;</a>&nbsp;&nbsp;&nbsp;_XY2PTR
</UL>
<BR>[Address Reference Count : 1]<UL><LI> GUIDEV_32.o(.rodata)
</UL>
<P><STRONG><a name="[12a]"></a>_FillRect</STRONG> (Thumb, 180 bytes, Stack size unknown bytes, GUIDEV_32.o(.text._FillRect))
<BR><BR>[Calls]<UL><LI><a href="#[14b]">&gt;&gt;</a>&nbsp;&nbsp;&nbsp;GUI_ALLOC_UnlockH
<LI><a href="#[14a]">&gt;&gt;</a>&nbsp;&nbsp;&nbsp;GUI_ALLOC_LockH
<LI><a href="#[33d]">&gt;&gt;</a>&nbsp;&nbsp;&nbsp;_XY2PTR
<LI><a href="#[33b]">&gt;&gt;</a>&nbsp;&nbsp;&nbsp;GUI_USAGE_AddRect
</UL>
<BR>[Called By]<UL><LI><a href="#[128]">&gt;&gt;</a>&nbsp;&nbsp;&nbsp;_DrawHLine
</UL>
<BR>[Address Reference Count : 1]<UL><LI> GUIDEV_32.o(.rodata)
</UL>
<P><STRONG><a name="[128]"></a>_DrawHLine</STRONG> (Thumb, 14 bytes, Stack size unknown bytes, GUIDEV_32.o(.text._DrawHLine))
<BR><BR>[Calls]<UL><LI><a href="#[12a]">&gt;&gt;</a>&nbsp;&nbsp;&nbsp;_FillRect
</UL>
<BR>[Address Reference Count : 1]<UL><LI> GUIDEV_32.o(.rodata)
</UL>
<P><STRONG><a name="[127]"></a>_DrawBitmap</STRONG> (Thumb, 1816 bytes, Stack size unknown bytes, GUIDEV_32.o(.text._DrawBitmap))
<BR><BR>[Calls]<UL><LI><a href="#[14b]">&gt;&gt;</a>&nbsp;&nbsp;&nbsp;GUI_ALLOC_UnlockH
<LI><a href="#[14a]">&gt;&gt;</a>&nbsp;&nbsp;&nbsp;GUI_ALLOC_LockH
<LI><a href="#[33d]">&gt;&gt;</a>&nbsp;&nbsp;&nbsp;_XY2PTR
<LI><a href="#[33b]">&gt;&gt;</a>&nbsp;&nbsp;&nbsp;GUI_USAGE_AddRect
</UL>
<BR>[Address Reference Count : 1]<UL><LI> GUIDEV_32.o(.rodata)
</UL>
<P><STRONG><a name="[133]"></a>GUI_USAGE_BM_AddPixel</STRONG> (Thumb, 40 bytes, Stack size unknown bytes, GUIDEV_UsageBM.o(.text.GUI_USAGE_BM_AddPixel))
<BR>[Address Reference Count : 1]<UL><LI> GUIDEV_UsageBM.o(.rodata)
</UL>
<P><STRONG><a name="[137]"></a>GUI_USAGE_BM_GetNextDirty</STRONG> (Thumb, 156 bytes, Stack size unknown bytes, GUIDEV_UsageBM.o(.text.GUI_USAGE_BM_GetNextDirty))
<BR>[Address Reference Count : 1]<UL><LI> GUIDEV_UsageBM.o(.rodata)
</UL>
<P><STRONG><a name="[136]"></a>_GUI_USAGE_BM_Delete</STRONG> (Thumb, 4 bytes, Stack size unknown bytes, GUIDEV_UsageBM.o(.text._GUI_USAGE_BM_Delete))
<BR><BR>[Stack]<UL><LI>Max Depth = 216 + Unknown Stack Size
<LI>Call Chain = _GUI_USAGE_BM_Delete &rArr; GUI_ALLOC_Free &rArr; GUI_Lock &rArr; GUI_X_Lock &rArr; GUI_X_InitOS &rArr; xQueueCreateMutex &rArr; prvInitialiseMutex &rArr; xQueueGenericSend &rArr; prvUnlockQueue &rArr; prvNotifyQueueSetContainer &rArr; prvCopyDataToQueue &rArr; xTaskPriorityDisinherit &rArr; __2printf
</UL>
<BR>[Calls]<UL><LI><a href="#[1e2]">&gt;&gt;</a>&nbsp;&nbsp;&nbsp;GUI_ALLOC_Free
</UL>
<BR>[Address Reference Count : 1]<UL><LI> GUIDEV_UsageBM.o(.rodata)
</UL>
<P><STRONG><a name="[135]"></a>GUI_USAGE_BM_Clear</STRONG> (Thumb, 16 bytes, Stack size unknown bytes, GUIDEV_UsageBM.o(.text.GUI_USAGE_BM_Clear))
<BR><BR>[Stack]<UL><LI>Max Depth = 8 + Unknown Stack Size
<LI>Call Chain = GUI_USAGE_BM_Clear &rArr; memset
</UL>
<BR>[Calls]<UL><LI><a href="#[d]">&gt;&gt;</a>&nbsp;&nbsp;&nbsp;memset
</UL>
<BR>[Address Reference Count : 1]<UL><LI> GUIDEV_UsageBM.o(.rodata)
</UL>
<P><STRONG><a name="[134]"></a>GUI_USAGE_BM_AddHLine</STRONG> (Thumb, 120 bytes, Stack size unknown bytes, GUIDEV_UsageBM.o(.text.GUI_USAGE_BM_AddHLine))
<BR><BR>[Stack]<UL><LI>Max Depth = 8 + Unknown Stack Size
<LI>Call Chain = GUI_USAGE_BM_AddHLine &rArr; memset
</UL>
<BR>[Calls]<UL><LI><a href="#[d]">&gt;&gt;</a>&nbsp;&nbsp;&nbsp;memset
</UL>
<BR>[Address Reference Count : 1]<UL><LI> GUIDEV_UsageBM.o(.rodata)
</UL>
<P><STRONG><a name="[25c]"></a>_Convert16</STRONG> (Thumb, 62 bytes, Stack size unknown bytes, GUIDEV_WriteToActiveOpaque.o(.text._Convert16))
<BR><BR>[Calls]<UL><LI><a href="#[33a]">&gt;&gt;</a>&nbsp;&nbsp;&nbsp;GUI__CompactPixelIndices
</UL>
<BR>[Called By]<UL><LI><a href="#[a3]">&gt;&gt;</a>&nbsp;&nbsp;&nbsp;GUI_MEMDEV__WriteToActiveOpaque
</UL>

<P><STRONG><a name="[25d]"></a>_Convert8</STRONG> (Thumb, 66 bytes, Stack size unknown bytes, GUIDEV_WriteToActiveOpaque.o(.text._Convert8))
<BR><BR>[Calls]<UL><LI><a href="#[33a]">&gt;&gt;</a>&nbsp;&nbsp;&nbsp;GUI__CompactPixelIndices
</UL>
<BR>[Called By]<UL><LI><a href="#[a3]">&gt;&gt;</a>&nbsp;&nbsp;&nbsp;GUI_MEMDEV__WriteToActiveOpaque
</UL>

<P><STRONG><a name="[139]"></a>_DrawUpRect</STRONG> (Thumb, 120 bytes, Stack size unknown bytes, WIDGET_Effect_3D.o(.text._DrawUpRect))
<BR><BR>[Stack]<UL><LI>Max Depth = 216 + Unknown Stack Size
<LI>Call Chain = _DrawUpRect &rArr; GUI_DrawRect &rArr; GUI_Lock &rArr; GUI_X_Lock &rArr; GUI_X_InitOS &rArr; xQueueCreateMutex &rArr; prvInitialiseMutex &rArr; xQueueGenericSend &rArr; prvUnlockQueue &rArr; prvNotifyQueueSetContainer &rArr; prvCopyDataToQueue &rArr; xTaskPriorityDisinherit &rArr; __2printf
</UL>
<BR>[Calls]<UL><LI><a href="#[283]">&gt;&gt;</a>&nbsp;&nbsp;&nbsp;LCD_SetColor
<LI><a href="#[15e]">&gt;&gt;</a>&nbsp;&nbsp;&nbsp;GUI_DrawRect
<LI><a href="#[15c]">&gt;&gt;</a>&nbsp;&nbsp;&nbsp;GUI_DrawVLine
<LI><a href="#[15b]">&gt;&gt;</a>&nbsp;&nbsp;&nbsp;GUI_DrawHLine
</UL>
<BR>[Called By]<UL><LI><a href="#[138]">&gt;&gt;</a>&nbsp;&nbsp;&nbsp;WIDGET_EFFECT_3D_DrawUp
</UL>
<BR>[Address Reference Count : 1]<UL><LI> WIDGET_Effect_3D.o(.rodata)
</UL>
<P><STRONG><a name="[13b]"></a>_DrawDownRect</STRONG> (Thumb, 164 bytes, Stack size unknown bytes, WIDGET_Effect_3D.o(.text._DrawDownRect))
<BR><BR>[Stack]<UL><LI>Max Depth = 216 + Unknown Stack Size
<LI>Call Chain = _DrawDownRect &rArr; GUI_DrawVLine &rArr; GUI_Lock &rArr; GUI_X_Lock &rArr; GUI_X_InitOS &rArr; xQueueCreateMutex &rArr; prvInitialiseMutex &rArr; xQueueGenericSend &rArr; prvUnlockQueue &rArr; prvNotifyQueueSetContainer &rArr; prvCopyDataToQueue &rArr; xTaskPriorityDisinherit &rArr; __2printf
</UL>
<BR>[Calls]<UL><LI><a href="#[283]">&gt;&gt;</a>&nbsp;&nbsp;&nbsp;LCD_SetColor
<LI><a href="#[15c]">&gt;&gt;</a>&nbsp;&nbsp;&nbsp;GUI_DrawVLine
<LI><a href="#[15b]">&gt;&gt;</a>&nbsp;&nbsp;&nbsp;GUI_DrawHLine
</UL>
<BR>[Called By]<UL><LI><a href="#[13a]">&gt;&gt;</a>&nbsp;&nbsp;&nbsp;_DrawDown
</UL>
<BR>[Address Reference Count : 1]<UL><LI> WIDGET_Effect_3D.o(.rodata)
</UL>
<P><STRONG><a name="[13a]"></a>_DrawDown</STRONG> (Thumb, 20 bytes, Stack size unknown bytes, WIDGET_Effect_3D.o(.text._DrawDown))
<BR><BR>[Stack]<UL><LI>Max Depth = 216 + Unknown Stack Size
<LI>Call Chain = _DrawDown &rArr; WM_GetClientRect &rArr; GUI_Lock &rArr; GUI_X_Lock &rArr; GUI_X_InitOS &rArr; xQueueCreateMutex &rArr; prvInitialiseMutex &rArr; xQueueGenericSend &rArr; prvUnlockQueue &rArr; prvNotifyQueueSetContainer &rArr; prvCopyDataToQueue &rArr; xTaskPriorityDisinherit &rArr; __2printf
</UL>
<BR>[Calls]<UL><LI><a href="#[222]">&gt;&gt;</a>&nbsp;&nbsp;&nbsp;WM_GetClientRect
<LI><a href="#[13b]">&gt;&gt;</a>&nbsp;&nbsp;&nbsp;_DrawDownRect
</UL>
<BR>[Address Reference Count : 1]<UL><LI> WIDGET_Effect_3D.o(.rodata)
</UL>
<P><STRONG><a name="[13f]"></a>_DrawDownRect</STRONG> (Thumb, 56 bytes, Stack size unknown bytes, WIDGET_Effect_Simple.o(.text._DrawDownRect))
<BR><BR>[Stack]<UL><LI>Max Depth = 216 + Unknown Stack Size
<LI>Call Chain = _DrawDownRect &rArr; GUI_DrawRect &rArr; GUI_Lock &rArr; GUI_X_Lock &rArr; GUI_X_InitOS &rArr; xQueueCreateMutex &rArr; prvInitialiseMutex &rArr; xQueueGenericSend &rArr; prvUnlockQueue &rArr; prvNotifyQueueSetContainer &rArr; prvCopyDataToQueue &rArr; xTaskPriorityDisinherit &rArr; __2printf
</UL>
<BR>[Calls]<UL><LI><a href="#[283]">&gt;&gt;</a>&nbsp;&nbsp;&nbsp;LCD_SetColor
<LI><a href="#[27e]">&gt;&gt;</a>&nbsp;&nbsp;&nbsp;GUI_RestoreContext
<LI><a href="#[27f]">&gt;&gt;</a>&nbsp;&nbsp;&nbsp;GUI_SaveContext_W
<LI><a href="#[15e]">&gt;&gt;</a>&nbsp;&nbsp;&nbsp;GUI_DrawRect
</UL>
<BR>[Called By]<UL><LI><a href="#[13e]">&gt;&gt;</a>&nbsp;&nbsp;&nbsp;_DrawDown
<LI><a href="#[13d]">&gt;&gt;</a>&nbsp;&nbsp;&nbsp;_DrawUpRect
</UL>
<BR>[Address Reference Count : 1]<UL><LI> WIDGET_Effect_Simple.o(.rodata)
</UL>
<P><STRONG><a name="[13d]"></a>_DrawUpRect</STRONG> (Thumb, 4 bytes, Stack size unknown bytes, WIDGET_Effect_Simple.o(.text._DrawUpRect))
<BR><BR>[Stack]<UL><LI>Max Depth = 216 + Unknown Stack Size
<LI>Call Chain = _DrawUpRect &rArr; _DrawDownRect &rArr; GUI_DrawRect &rArr; GUI_Lock &rArr; GUI_X_Lock &rArr; GUI_X_InitOS &rArr; xQueueCreateMutex &rArr; prvInitialiseMutex &rArr; xQueueGenericSend &rArr; prvUnlockQueue &rArr; prvNotifyQueueSetContainer &rArr; prvCopyDataToQueue &rArr; xTaskPriorityDisinherit &rArr; __2printf
</UL>
<BR>[Calls]<UL><LI><a href="#[13f]">&gt;&gt;</a>&nbsp;&nbsp;&nbsp;_DrawDownRect
</UL>
<BR>[Address Reference Count : 1]<UL><LI> WIDGET_Effect_Simple.o(.rodata)
</UL>
<P><STRONG><a name="[13e]"></a>_DrawDown</STRONG> (Thumb, 20 bytes, Stack size unknown bytes, WIDGET_Effect_Simple.o(.text._DrawDown))
<BR><BR>[Stack]<UL><LI>Max Depth = 216 + Unknown Stack Size
<LI>Call Chain = _DrawDown &rArr; WM_GetClientRect &rArr; GUI_Lock &rArr; GUI_X_Lock &rArr; GUI_X_InitOS &rArr; xQueueCreateMutex &rArr; prvInitialiseMutex &rArr; xQueueGenericSend &rArr; prvUnlockQueue &rArr; prvNotifyQueueSetContainer &rArr; prvCopyDataToQueue &rArr; xTaskPriorityDisinherit &rArr; __2printf
</UL>
<BR>[Calls]<UL><LI><a href="#[222]">&gt;&gt;</a>&nbsp;&nbsp;&nbsp;WM_GetClientRect
<LI><a href="#[13f]">&gt;&gt;</a>&nbsp;&nbsp;&nbsp;_DrawDownRect
</UL>
<BR>[Called By]<UL><LI><a href="#[13c]">&gt;&gt;</a>&nbsp;&nbsp;&nbsp;_DrawUp
</UL>
<BR>[Address Reference Count : 1]<UL><LI> WIDGET_Effect_Simple.o(.rodata)
</UL>
<P><STRONG><a name="[13c]"></a>_DrawUp</STRONG> (Thumb, 4 bytes, Stack size unknown bytes, WIDGET_Effect_Simple.o(.text._DrawUp))
<BR><BR>[Stack]<UL><LI>Max Depth = 216 + Unknown Stack Size
<LI>Call Chain = _DrawUp &rArr; _DrawDown &rArr; WM_GetClientRect &rArr; GUI_Lock &rArr; GUI_X_Lock &rArr; GUI_X_InitOS &rArr; xQueueCreateMutex &rArr; prvInitialiseMutex &rArr; xQueueGenericSend &rArr; prvUnlockQueue &rArr; prvNotifyQueueSetContainer &rArr; prvCopyDataToQueue &rArr; xTaskPriorityDisinherit &rArr; __2printf
</UL>
<BR>[Calls]<UL><LI><a href="#[13e]">&gt;&gt;</a>&nbsp;&nbsp;&nbsp;_DrawDown
</UL>
<BR>[Address Reference Count : 1]<UL><LI> WIDGET_Effect_Simple.o(.rodata)
</UL>
<P><STRONG><a name="[27d]"></a>LCD_ReadRectEx</STRONG> (Thumb, 420 bytes, Stack size unknown bytes, LCD_ReadRect.o(.text.LCD_ReadRectEx))
<BR><BR>[Calls]<UL><LI><a href="#[259]">&gt;&gt;</a>&nbsp;&nbsp;&nbsp;GUI_GetBitsPerPixelEx
</UL>
<BR>[Called By]<UL><LI><a href="#[27c]">&gt;&gt;</a>&nbsp;&nbsp;&nbsp;GUI_ReadRectEx
</UL>

<P><STRONG><a name="[257]"></a>_ClipX</STRONG> (Thumb, 68 bytes, Stack size unknown bytes, GUIDEV_WriteToActiveAlpha.o(.text._ClipX))
<BR><BR>[Called By]<UL><LI><a href="#[a4]">&gt;&gt;</a>&nbsp;&nbsp;&nbsp;GUI_MEMDEV__WriteToActiveAlpha
<LI><a href="#[256]">&gt;&gt;</a>&nbsp;&nbsp;&nbsp;_WriteToActiveAlpha
</UL>

<P><STRONG><a name="[258]"></a>_ClipY</STRONG> (Thumb, 68 bytes, Stack size unknown bytes, GUIDEV_WriteToActiveAlpha.o(.text._ClipY))
<BR><BR>[Called By]<UL><LI><a href="#[a4]">&gt;&gt;</a>&nbsp;&nbsp;&nbsp;GUI_MEMDEV__WriteToActiveAlpha
<LI><a href="#[256]">&gt;&gt;</a>&nbsp;&nbsp;&nbsp;_WriteToActiveAlpha
</UL>

<P><STRONG><a name="[256]"></a>_WriteToActiveAlpha</STRONG> (Thumb, 328 bytes, Stack size unknown bytes, GUIDEV_WriteToActiveAlpha.o(.text._WriteToActiveAlpha))
<BR><BR>[Stack]<UL><LI>Max Depth = 216 + Unknown Stack Size
<LI>Call Chain = _WriteToActiveAlpha &rArr; GUI__AllocAlphaBuffer &rArr; GUI__GetAlphaBuffer &rArr; GUI_ALLOC_GetFixedBlock &rArr; _InitOnce &rArr; _EnlargeBlocks &rArr;  _Alloc (Cycle)
</UL>
<BR>[Calls]<UL><LI><a href="#[14b]">&gt;&gt;</a>&nbsp;&nbsp;&nbsp;GUI_ALLOC_UnlockH
<LI><a href="#[14a]">&gt;&gt;</a>&nbsp;&nbsp;&nbsp;GUI_ALLOC_LockH
<LI><a href="#[1bd]">&gt;&gt;</a>&nbsp;&nbsp;&nbsp;LCD_DrawBitmap
<LI><a href="#[297]">&gt;&gt;</a>&nbsp;&nbsp;&nbsp;GUI__AllocAlphaBuffer
<LI><a href="#[2a3]">&gt;&gt;</a>&nbsp;&nbsp;&nbsp;GUI__DoAlphaBlending
<LI><a href="#[24d]">&gt;&gt;</a>&nbsp;&nbsp;&nbsp;GUI_MEMDEV_GetDataPtr
<LI><a href="#[258]">&gt;&gt;</a>&nbsp;&nbsp;&nbsp;_ClipY
<LI><a href="#[257]">&gt;&gt;</a>&nbsp;&nbsp;&nbsp;_ClipX
<LI><a href="#[29c]">&gt;&gt;</a>&nbsp;&nbsp;&nbsp;GUI__CompactPixelIndicesEx
</UL>
<BR>[Called By]<UL><LI><a href="#[a4]">&gt;&gt;</a>&nbsp;&nbsp;&nbsp;GUI_MEMDEV__WriteToActiveAlpha
</UL>

<P><STRONG><a name="[3bb]"></a>_printf_core</STRONG> (Thumb, 996 bytes, Stack size 104 bytes, printf8.o(i._printf_core), UNUSED)
<BR><BR>[Calls]<UL><LI><a href="#[3bf]">&gt;&gt;</a>&nbsp;&nbsp;&nbsp;_printf_pre_padding
<LI><a href="#[3c0]">&gt;&gt;</a>&nbsp;&nbsp;&nbsp;_printf_post_padding
<LI><a href="#[145]">&gt;&gt;</a>&nbsp;&nbsp;&nbsp;__aeabi_uldivmod
</UL>
<BR>[Called By]<UL><LI><a href="#[3ba]">&gt;&gt;</a>&nbsp;&nbsp;&nbsp;__0printf$8
</UL>

<P><STRONG><a name="[3c0]"></a>_printf_post_padding</STRONG> (Thumb, 36 bytes, Stack size 24 bytes, printf8.o(i._printf_post_padding), UNUSED)
<BR><BR>[Called By]<UL><LI><a href="#[3bb]">&gt;&gt;</a>&nbsp;&nbsp;&nbsp;_printf_core
</UL>

<P><STRONG><a name="[3bf]"></a>_printf_pre_padding</STRONG> (Thumb, 46 bytes, Stack size 24 bytes, printf8.o(i._printf_pre_padding), UNUSED)
<BR><BR>[Called By]<UL><LI><a href="#[3bb]">&gt;&gt;</a>&nbsp;&nbsp;&nbsp;_printf_core
</UL>
<P>
<H3>
Undefined Global Symbols
</H3><HR></body></html>
